Archive member included to satisfy reference by file (symbol)

c:/program files (x86)/gnu tools arm embedded/9 2019-q4-major/bin/../lib/gcc/arm-none-eabi/9.2.1/../../../../arm-none-eabi/lib/thumb/v7e-m+fp/hard\libc_nano.a(lib_a-exit.o)
                              c:/program files (x86)/gnu tools arm embedded/9 2019-q4-major/bin/../lib/gcc/arm-none-eabi/9.2.1/../../../../arm-none-eabi/lib/thumb/v7e-m+fp/hard/crt0.o (exit)
c:/program files (x86)/gnu tools arm embedded/9 2019-q4-major/bin/../lib/gcc/arm-none-eabi/9.2.1/../../../../arm-none-eabi/lib/thumb/v7e-m+fp/hard\libc_nano.a(lib_a-impure.o)
                              c:/program files (x86)/gnu tools arm embedded/9 2019-q4-major/bin/../lib/gcc/arm-none-eabi/9.2.1/../../../../arm-none-eabi/lib/thumb/v7e-m+fp/hard\libc_nano.a(lib_a-exit.o) (_global_impure_ptr)
c:/program files (x86)/gnu tools arm embedded/9 2019-q4-major/bin/../lib/gcc/arm-none-eabi/9.2.1/../../../../arm-none-eabi/lib/thumb/v7e-m+fp/hard\libc_nano.a(lib_a-init.o)
                              c:/program files (x86)/gnu tools arm embedded/9 2019-q4-major/bin/../lib/gcc/arm-none-eabi/9.2.1/../../../../arm-none-eabi/lib/thumb/v7e-m+fp/hard/crt0.o (__libc_init_array)
c:/program files (x86)/gnu tools arm embedded/9 2019-q4-major/bin/../lib/gcc/arm-none-eabi/9.2.1/../../../../arm-none-eabi/lib/thumb/v7e-m+fp/hard\libc_nano.a(lib_a-malloc.o)
                              build/main.o (malloc)
c:/program files (x86)/gnu tools arm embedded/9 2019-q4-major/bin/../lib/gcc/arm-none-eabi/9.2.1/../../../../arm-none-eabi/lib/thumb/v7e-m+fp/hard\libc_nano.a(lib_a-memset.o)
                              c:/program files (x86)/gnu tools arm embedded/9 2019-q4-major/bin/../lib/gcc/arm-none-eabi/9.2.1/../../../../arm-none-eabi/lib/thumb/v7e-m+fp/hard/crt0.o (memset)
c:/program files (x86)/gnu tools arm embedded/9 2019-q4-major/bin/../lib/gcc/arm-none-eabi/9.2.1/../../../../arm-none-eabi/lib/thumb/v7e-m+fp/hard\libc_nano.a(lib_a-nano-freer.o)
                              c:/program files (x86)/gnu tools arm embedded/9 2019-q4-major/bin/../lib/gcc/arm-none-eabi/9.2.1/../../../../arm-none-eabi/lib/thumb/v7e-m+fp/hard\libc_nano.a(lib_a-malloc.o) (_free_r)
c:/program files (x86)/gnu tools arm embedded/9 2019-q4-major/bin/../lib/gcc/arm-none-eabi/9.2.1/../../../../arm-none-eabi/lib/thumb/v7e-m+fp/hard\libc_nano.a(lib_a-nano-mallocr.o)
                              c:/program files (x86)/gnu tools arm embedded/9 2019-q4-major/bin/../lib/gcc/arm-none-eabi/9.2.1/../../../../arm-none-eabi/lib/thumb/v7e-m+fp/hard\libc_nano.a(lib_a-malloc.o) (_malloc_r)
c:/program files (x86)/gnu tools arm embedded/9 2019-q4-major/bin/../lib/gcc/arm-none-eabi/9.2.1/../../../../arm-none-eabi/lib/thumb/v7e-m+fp/hard\libc_nano.a(lib_a-printf.o)
                              build/main.o (printf)
c:/program files (x86)/gnu tools arm embedded/9 2019-q4-major/bin/../lib/gcc/arm-none-eabi/9.2.1/../../../../arm-none-eabi/lib/thumb/v7e-m+fp/hard\libc_nano.a(lib_a-putchar.o)
                              build/main.o (putchar)
c:/program files (x86)/gnu tools arm embedded/9 2019-q4-major/bin/../lib/gcc/arm-none-eabi/9.2.1/../../../../arm-none-eabi/lib/thumb/v7e-m+fp/hard\libc_nano.a(lib_a-puts.o)
                              build/main.o (puts)
c:/program files (x86)/gnu tools arm embedded/9 2019-q4-major/bin/../lib/gcc/arm-none-eabi/9.2.1/../../../../arm-none-eabi/lib/thumb/v7e-m+fp/hard\libc_nano.a(lib_a-sbrkr.o)
                              c:/program files (x86)/gnu tools arm embedded/9 2019-q4-major/bin/../lib/gcc/arm-none-eabi/9.2.1/../../../../arm-none-eabi/lib/thumb/v7e-m+fp/hard\libc_nano.a(lib_a-nano-mallocr.o) (_sbrk_r)
c:/program files (x86)/gnu tools arm embedded/9 2019-q4-major/bin/../lib/gcc/arm-none-eabi/9.2.1/../../../../arm-none-eabi/lib/thumb/v7e-m+fp/hard\libc_nano.a(lib_a-wbuf.o)
                              c:/program files (x86)/gnu tools arm embedded/9 2019-q4-major/bin/../lib/gcc/arm-none-eabi/9.2.1/../../../../arm-none-eabi/lib/thumb/v7e-m+fp/hard\libc_nano.a(lib_a-puts.o) (__swbuf_r)
c:/program files (x86)/gnu tools arm embedded/9 2019-q4-major/bin/../lib/gcc/arm-none-eabi/9.2.1/../../../../arm-none-eabi/lib/thumb/v7e-m+fp/hard\libc_nano.a(lib_a-wsetup.o)
                              c:/program files (x86)/gnu tools arm embedded/9 2019-q4-major/bin/../lib/gcc/arm-none-eabi/9.2.1/../../../../arm-none-eabi/lib/thumb/v7e-m+fp/hard\libc_nano.a(lib_a-puts.o) (__swsetup_r)
c:/program files (x86)/gnu tools arm embedded/9 2019-q4-major/bin/../lib/gcc/arm-none-eabi/9.2.1/../../../../arm-none-eabi/lib/thumb/v7e-m+fp/hard\libc_nano.a(lib_a-fflush.o)
                              c:/program files (x86)/gnu tools arm embedded/9 2019-q4-major/bin/../lib/gcc/arm-none-eabi/9.2.1/../../../../arm-none-eabi/lib/thumb/v7e-m+fp/hard\libc_nano.a(lib_a-wbuf.o) (_fflush_r)
[...]
Memory Configuration

Name             Origin             Length             Attributes
RAM              0x20000000         0x00020000         xrw
CCMRAM           0x10000000         0x00010000         xrw
FLASH            0x08000000         0x00100000         xr
*default*        0x00000000         0xffffffff

Linker script and memory map

LOAD c:/program files (x86)/gnu tools arm embedded/9 2019-q4-major/bin/../lib/gcc/arm-none-eabi/9.2.1/thumb/v7e-m+fp/hard/crti.o
LOAD c:/program files (x86)/gnu tools arm embedded/9 2019-q4-major/bin/../lib/gcc/arm-none-eabi/9.2.1/thumb/v7e-m+fp/hard/crtbegin.o
LOAD c:/program files (x86)/gnu tools arm embedded/9 2019-q4-major/bin/../lib/gcc/arm-none-eabi/9.2.1/../../../../arm-none-eabi/lib/thumb/v7e-m+fp/hard/crt0.o
LOAD build/main.o
LOAD build/gpio.o
LOAD build/tim.o
LOAD build/usart.o
LOAD build/stm32f4xx_it.o
LOAD build/stm32f4xx_hal_msp.o
LOAD build/ntt.o
LOAD build/kex.o
LOAD build/precomp.o
LOAD build/kem.o
LOAD build/randombytes.o
LOAD build/indcpa.o
LOAD build/polyvec.o
LOAD build/poly.o
LOAD build/cbd.o
LOAD build/fips202.o
LOAD build/reduce.o
LOAD build/verify.o
LOAD build/stm32f4xx_hal_tim.o
LOAD build/stm32f4xx_hal_tim_ex.o
LOAD build/stm32f4xx_hal_rcc.o
LOAD build/stm32f4xx_hal_rcc_ex.o
LOAD build/stm32f4xx_hal_flash.o
LOAD build/stm32f4xx_hal_flash_ex.o
LOAD build/stm32f4xx_hal_flash_ramfunc.o
LOAD build/stm32f4xx_hal_gpio.o
LOAD build/stm32f4xx_hal_dma_ex.o
LOAD build/stm32f4xx_hal_dma.o
LOAD build/stm32f4xx_hal_pwr.o
LOAD build/stm32f4xx_hal_pwr_ex.o
LOAD build/stm32f4xx_hal_cortex.o
LOAD build/stm32f4xx_hal.o
LOAD build/stm32f4xx_hal_exti.o
LOAD build/stm32f4xx_hal_uart.o
LOAD build/system_stm32f4xx.o
LOAD build/kyber.o
LOAD build/KeccakP-1600-inplace-32bi-armv7m-le-gcc.o
LOAD build/startup_stm32f407xx.o
LOAD c:/program files (x86)/gnu tools arm embedded/9 2019-q4-major/bin/../lib/gcc/arm-none-eabi/9.2.1/../../../../arm-none-eabi/lib/thumb/v7e-m+fp/hard\libc_nano.a
LOAD c:/program files (x86)/gnu tools arm embedded/9 2019-q4-major/bin/../lib/gcc/arm-none-eabi/9.2.1/../../../../arm-none-eabi/lib/thumb/v7e-m+fp/hard\libm.a
LOAD c:/program files (x86)/gnu tools arm embedded/9 2019-q4-major/bin/../lib/gcc/arm-none-eabi/9.2.1/../../../../arm-none-eabi/lib/thumb/v7e-m+fp/hard\libnosys.a
START GROUP
LOAD c:/program files (x86)/gnu tools arm embedded/9 2019-q4-major/bin/../lib/gcc/arm-none-eabi/9.2.1/thumb/v7e-m+fp/hard\libgcc.a
LOAD c:/program files (x86)/gnu tools arm embedded/9 2019-q4-major/bin/../lib/gcc/arm-none-eabi/9.2.1/../../../../arm-none-eabi/lib/thumb/v7e-m+fp/hard\libc_nano.a
END GROUP
START GROUP
LOAD c:/program files (x86)/gnu tools arm embedded/9 2019-q4-major/bin/../lib/gcc/arm-none-eabi/9.2.1/thumb/v7e-m+fp/hard\libgcc.a
LOAD c:/program files (x86)/gnu tools arm embedded/9 2019-q4-major/bin/../lib/gcc/arm-none-eabi/9.2.1/../../../../arm-none-eabi/lib/thumb/v7e-m+fp/hard\libc_nano.a
END GROUP
LOAD c:/program files (x86)/gnu tools arm embedded/9 2019-q4-major/bin/../lib/gcc/arm-none-eabi/9.2.1/thumb/v7e-m+fp/hard/crtend.o
LOAD c:/program files (x86)/gnu tools arm embedded/9 2019-q4-major/bin/../lib/gcc/arm-none-eabi/9.2.1/thumb/v7e-m+fp/hard/crtn.o
                0x20020000                _estack = 0x20020000
                0x00000200                _Min_Heap_Size = 0x200
                0x00000400                _Min_Stack_Size = 0x400

.isr_vector     0x08000000      0x188
                0x08000000                . = ALIGN (0x4)
 *(.isr_vector)
 .isr_vector    0x08000000      0x188 build/startup_stm32f407xx.o
                0x08000000                g_pfnVectors
                0x08000188                . = ALIGN (0x4)

.text           0x08000200     0x892c
                0x08000200                . = ALIGN (0x4)
 *(.text)
 .text          0x08000200       0x40 c:/program files (x86)/gnu tools arm embedded/9 2019-q4-major/bin/../lib/gcc/arm-none-eabi/9.2.1/thumb/v7e-m+fp/hard/crtbegin.o
 .text          0x08000240     0x1e44 build/kyber.o
                0x08000240                ntt_asm
                0x08000d70                pointwise_multiply
                0x08000e60                pointwise_add
                0x08000ed0                pointwise_sub
                0x08000f20                invntt_asm
 *fill*         0x08002084       0x7c 
 .text          0x08002100     0x2988 build/KeccakP-1600-inplace-32bi-armv7m-le-gcc.o
                0x08002100                KeccakP1600_StaticInitialize
                0x08002200                KeccakP1600_Initialize
                0x08002300                KeccakP1600_AddByte
                0x08002400                KeccakP1600_AddBytes
                0x08002700                KeccakP1600_OverwriteBytes
                0x08002a00                KeccakP1600_OverwriteWithZeroes
                0x08002b00                KeccakP1600_ExtractBytes
                0x08002e00                KeccakP1600_ExtractAndAddBytes
                0x08003100                KeccakP1600_Permute_Nrounds
                0x08003400                KeccakP1600_Permute_12rounds
                0x08003500                KeccakP1600_Permute_24rounds
 *fill*         0x08004a88        0x8 
 .text          0x08004a90       0xa0 c:/program files (x86)/gnu tools arm embedded/9 2019-q4-major/bin/../lib/gcc/arm-none-eabi/9.2.1/../../../../arm-none-eabi/lib/thumb/v7e-m+fp/hard\libc_nano.a(lib_a-memchr.o)
                0x08004a90                memchr
 .text          0x08004b30       0x30 c:/program files (x86)/gnu tools arm embedded/9 2019-q4-major/bin/../lib/gcc/arm-none-eabi/9.2.1/thumb/v7e-m+fp/hard\libgcc.a(_aeabi_uldivmod.o)
                0x08004b30                __aeabi_uldivmod
 .text          0x08004b60      0x2c4 c:/program files (x86)/gnu tools arm embedded/9 2019-q4-major/bin/../lib/gcc/arm-none-eabi/9.2.1/thumb/v7e-m+fp/hard\libgcc.a(_udivmoddi4.o)
                0x08004b60                __udivmoddi4
 .text          0x08004e24        0x4 c:/program files (x86)/gnu tools arm embedded/9 2019-q4-major/bin/../lib/gcc/arm-none-eabi/9.2.1/thumb/v7e-m+fp/hard\libgcc.a(_dvmd_tls.o)
                0x08004e24                __aeabi_idiv0
                0x08004e24                __aeabi_ldiv0
 *(.text*)
 .text.__io_putchar
                0x08004e28       0x24 build/main.o
                0x08004e28                __io_putchar
 .text._write   0x08004e4c       0x1c build/main.o
                0x08004e4c                _write
 .text.Error_Handler
                0x08004e68        0x4 build/main.o
                0x08004e68                Error_Handler
 .text.SystemClock_Config
                0x08004e6c       0xa0 build/main.o
                0x08004e6c                SystemClock_Config
 .text.main     0x08004f0c      0x110 build/main.o
                0x08004f0c                main
 .text.MX_GPIO_Init
                0x0800501c       0x7c build/gpio.o
                0x0800501c                MX_GPIO_Init
 .text.MX_USART1_UART_Init
                0x08005098       0x44 build/usart.o
                0x08005098                MX_USART1_UART_Init
 .text.HAL_UART_MspInit
                0x080050dc       0x84 build/usart.o
                0x080050dc                HAL_UART_MspInit
 .text.HAL_UART_RxCpltCallback
                0x08005160       0x88 build/usart.o
                0x08005160                HAL_UART_RxCpltCallback
 .text.NMI_Handler
                0x080051e8        0x2 build/stm32f4xx_it.o
                0x080051e8                NMI_Handler
 .text.HardFault_Handler
                0x080051ea        0x2 build/stm32f4xx_it.o
                0x080051ea                HardFault_Handler
 .text.MemManage_Handler
                0x080051ec        0x2 build/stm32f4xx_it.o
                0x080051ec                MemManage_Handler
 .text.BusFault_Handler
                0x080051ee        0x2 build/stm32f4xx_it.o
                0x080051ee                BusFault_Handler
 .text.UsageFault_Handler
                0x080051f0        0x2 build/stm32f4xx_it.o
                0x080051f0                UsageFault_Handler
 .text.SVC_Handler
                0x080051f2        0x2 build/stm32f4xx_it.o
                0x080051f2                SVC_Handler
 .text.DebugMon_Handler
                0x080051f4        0x2 build/stm32f4xx_it.o
                0x080051f4                DebugMon_Handler
 .text.PendSV_Handler
                0x080051f6        0x2 build/stm32f4xx_it.o
                0x080051f6                PendSV_Handler
 .text.SysTick_Handler
                0x080051f8        0x8 build/stm32f4xx_it.o
                0x080051f8                SysTick_Handler
 .text.TIM1_UP_TIM10_IRQHandler
                0x08005200       0x10 build/stm32f4xx_it.o
                0x08005200                TIM1_UP_TIM10_IRQHandler
 .text.USART1_IRQHandler
                0x08005210       0x10 build/stm32f4xx_it.o
                0x08005210                USART1_IRQHandler
 .text.HAL_MspInit
                0x08005220       0x38 build/stm32f4xx_hal_msp.o
                0x08005220                HAL_MspInit
 .text.ntt      0x08005258       0x10 build/ntt.o
                0x08005258                ntt
 .text.invntt   0x08005268       0x1c build/ntt.o
                0x08005268                invntt
 .text.crypto_kem_keypair
                0x08005284       0x3e build/kem.o
                0x08005284                crypto_kem_keypair
 *fill*         0x080052c2        0x2 
 .text.crypto_kem_enc
                0x080052c4       0xc8 build/kem.o
                0x080052c4                crypto_kem_enc
 .text.crypto_kem_dec
                0x0800538c       0xd8 build/kem.o
                0x0800538c                crypto_kem_dec
 .text.surf     0x08005464      0x15c build/randombytes.o
 .text.randombytes
                0x080055c0       0x74 build/randombytes.o
                0x080055c0                randombytes
 .text.pack_sk  0x08005634        0x8 build/indcpa.o
 .text.pack_pk  0x0800563c       0x1e build/indcpa.o
 .text.unpack_pk
                0x0800565a       0x20 build/indcpa.o
 .text.pack_ciphertext
                0x0800567a       0x16 build/indcpa.o
 .text.unpack_ciphertext
                0x08005690       0x18 build/indcpa.o
 .text.unpack_sk
                0x080056a8        0x8 build/indcpa.o
 .text.gen_matrix
                0x080056b0       0xe0 build/indcpa.o
                0x080056b0                gen_matrix
 .text.indcpa_keypair
                0x08005790      0x198 build/indcpa.o
                0x08005790                indcpa_keypair
 .text.indcpa_enc
                0x08005928      0x11c build/indcpa.o
                0x08005928                indcpa_enc
 .text.indcpa_dec
                0x08005a44       0x58 build/indcpa.o
                0x08005a44                indcpa_dec
 .text.polyvec_compress
                0x08005a9c       0xe8 build/polyvec.o
                0x08005a9c                polyvec_compress
 .text.polyvec_decompress
                0x08005b84      0x1a6 build/polyvec.o
                0x08005b84                polyvec_decompress
 .text.polyvec_tobytes
                0x08005d2a       0x22 build/polyvec.o
                0x08005d2a                polyvec_tobytes
 .text.polyvec_frombytes
                0x08005d4c       0x22 build/polyvec.o
                0x08005d4c                polyvec_frombytes
 .text.polyvec_ntt
                0x08005d6e       0x18 build/polyvec.o
                0x08005d6e                polyvec_ntt
 .text.polyvec_invntt
                0x08005d86       0x18 build/polyvec.o
                0x08005d86                polyvec_invntt
 .text.polyvec_pointwise_acc
                0x08005d9e       0x78 build/polyvec.o
                0x08005d9e                polyvec_pointwise_acc
 .text.polyvec_add
                0x08005e16       0x24 build/polyvec.o
                0x08005e16                polyvec_add
 *fill*         0x08005e3a        0x2 
 .text.poly_compress
                0x08005e3c       0xac build/poly.o
                0x08005e3c                poly_compress
 .text.poly_decompress
                0x08005ee8       0xe6 build/poly.o
                0x08005ee8                poly_decompress
 .text.poly_tobytes
                0x08005fce       0xcc build/poly.o
                0x08005fce                poly_tobytes
 .text.poly_frombytes
                0x0800609a       0xf8 build/poly.o
                0x0800609a                poly_frombytes
 .text.poly_getnoise
                0x08006192       0x3e build/poly.o
                0x08006192                poly_getnoise
 .text.poly_ntt
                0x080061d0        0x8 build/poly.o
                0x080061d0                poly_ntt
 .text.poly_invntt
                0x080061d8        0x8 build/poly.o
                0x080061d8                poly_invntt
 .text.poly_add
                0x080061e0        0x8 build/poly.o
                0x080061e0                poly_add
 .text.poly_sub
                0x080061e8        0x8 build/poly.o
                0x080061e8                poly_sub
 .text.poly_frommsg
                0x080061f0       0x36 build/poly.o
                0x080061f0                poly_frommsg
 *fill*         0x08006226        0x2 
 .text.poly_tomsg
                0x08006228       0x58 build/poly.o
                0x08006228                poly_tomsg
 .text.load_littleendian
                0x08006280       0x40 build/cbd.o
 .text.cbd      0x080062c0       0x88 build/cbd.o
                0x080062c0                cbd
 .text.keccak_absorb
                0x08006348       0xa4 build/fips202.o
 .text.keccak_squeezeblocks
                0x080063ec       0x38 build/fips202.o
 .text.shake128_absorb
                0x08006424       0x1c build/fips202.o
                0x08006424                shake128_absorb
 .text.shake128_squeezeblocks
                0x08006440       0x16 build/fips202.o
                0x08006440                shake128_squeezeblocks
 .text.shake256
                0x08006456       0x94 build/fips202.o
                0x08006456                shake256
 .text.sha3_256
                0x080064ea       0x3e build/fips202.o
                0x080064ea                sha3_256
 .text.sha3_512
                0x08006528       0x3e build/fips202.o
                0x08006528                sha3_512
 .text.montgomery_reduce
                0x08006566       0x1a build/reduce.o
                0x08006566                montgomery_reduce
 .text.barrett_reduce
                0x08006580       0x10 build/reduce.o
                0x08006580                barrett_reduce
 .text.freeze   0x08006590       0x20 build/reduce.o
                0x08006590                freeze
 .text.verify   0x080065b0       0x1e build/verify.o
                0x080065b0                verify
 .text.cmov     0x080065ce       0x20 build/verify.o
                0x080065ce                cmov
 .text.HAL_TIM_PeriodElapsedCallback
                0x080065ee        0x2 build/stm32f4xx_hal_tim.o
                0x080065ee                HAL_TIM_PeriodElapsedCallback
 .text.HAL_TIM_OC_DelayElapsedCallback
                0x080065f0        0x2 build/stm32f4xx_hal_tim.o
                0x080065f0                HAL_TIM_OC_DelayElapsedCallback
 .text.HAL_TIM_IC_CaptureCallback
                0x080065f2        0x2 build/stm32f4xx_hal_tim.o
                0x080065f2                HAL_TIM_IC_CaptureCallback
 .text.HAL_TIM_PWM_PulseFinishedCallback
                0x080065f4        0x2 build/stm32f4xx_hal_tim.o
                0x080065f4                HAL_TIM_PWM_PulseFinishedCallback
 .text.HAL_TIM_TriggerCallback
                0x080065f6        0x2 build/stm32f4xx_hal_tim.o
                0x080065f6                HAL_TIM_TriggerCallback
 .text.HAL_TIM_IRQHandler
                0x080065f8      0x17a build/stm32f4xx_hal_tim.o
                0x080065f8                HAL_TIM_IRQHandler
 .text.HAL_TIMEx_CommutCallback
                0x08006772        0x2 build/stm32f4xx_hal_tim_ex.o
                0x08006772                HAL_TIMEx_CommutCallback
 .text.HAL_TIMEx_BreakCallback
                0x08006774        0x2 build/stm32f4xx_hal_tim_ex.o
                0x08006774                HAL_TIMEx_BreakCallback
 *fill*         0x08006776        0x2 
 .text.HAL_RCC_OscConfig
                0x08006778      0x3f8 build/stm32f4xx_hal_rcc.o
                0x08006778                HAL_RCC_OscConfig
 .text.HAL_RCC_GetSysClockFreq
                0x08006b70       0xa0 build/stm32f4xx_hal_rcc.o
                0x08006b70                HAL_RCC_GetSysClockFreq
 .text.HAL_RCC_ClockConfig
                0x08006c10      0x160 build/stm32f4xx_hal_rcc.o
                0x08006c10                HAL_RCC_ClockConfig
 .text.HAL_RCC_GetHCLKFreq
                0x08006d70        0xc build/stm32f4xx_hal_rcc.o
                0x08006d70                HAL_RCC_GetHCLKFreq
 .text.HAL_RCC_GetPCLK1Freq
                0x08006d7c       0x20 build/stm32f4xx_hal_rcc.o
                0x08006d7c                HAL_RCC_GetPCLK1Freq
 .text.HAL_RCC_GetPCLK2Freq
                0x08006d9c       0x20 build/stm32f4xx_hal_rcc.o
                0x08006d9c                HAL_RCC_GetPCLK2Freq
 .text.HAL_GPIO_Init
                0x08006dbc      0x1d4 build/stm32f4xx_hal_gpio.o
                0x08006dbc                HAL_GPIO_Init
 .text.HAL_GPIO_WritePin
                0x08006f90        0xc build/stm32f4xx_hal_gpio.o
                0x08006f90                HAL_GPIO_WritePin
 .text.HAL_GPIO_TogglePin
                0x08006f9c       0x12 build/stm32f4xx_hal_gpio.o
                0x08006f9c                HAL_GPIO_TogglePin
 .text.HAL_DMA_Abort
                0x08006fae       0x94 build/stm32f4xx_hal_dma.o
                0x08006fae                HAL_DMA_Abort
 .text.HAL_DMA_Abort_IT
                0x08007042       0x26 build/stm32f4xx_hal_dma.o
                0x08007042                HAL_DMA_Abort_IT
 .text.HAL_NVIC_SetPriorityGrouping
                0x08007068       0x24 build/stm32f4xx_hal_cortex.o
                0x08007068                HAL_NVIC_SetPriorityGrouping
 .text.HAL_NVIC_SetPriority
                0x0800708c       0x68 build/stm32f4xx_hal_cortex.o
                0x0800708c                HAL_NVIC_SetPriority
 .text.HAL_NVIC_EnableIRQ
                0x080070f4       0x1c build/stm32f4xx_hal_cortex.o
                0x080070f4                HAL_NVIC_EnableIRQ
 .text.HAL_SYSTICK_Config
                0x08007110       0x2c build/stm32f4xx_hal_cortex.o
                0x08007110                HAL_SYSTICK_Config
 .text.HAL_InitTick
                0x0800713c       0x4c build/stm32f4xx_hal.o
                0x0800713c                HAL_InitTick
 .text.HAL_Init
                0x08007188       0x34 build/stm32f4xx_hal.o
                0x08007188                HAL_Init
 .text.HAL_IncTick
                0x080071bc       0x18 build/stm32f4xx_hal.o
                0x080071bc                HAL_IncTick
 .text.HAL_GetTick
                0x080071d4        0xc build/stm32f4xx_hal.o
                0x080071d4                HAL_GetTick
 .text.UART_EndRxTransfer
                0x080071e0       0x5c build/stm32f4xx_hal_uart.o
 .text.UART_Transmit_IT
                0x0800723c       0x60 build/stm32f4xx_hal_uart.o
 .text.UART_SetConfig
                0x0800729c      0x11c build/stm32f4xx_hal_uart.o
 .text.UART_WaitOnFlagUntilTimeout
                0x080073b8       0x84 build/stm32f4xx_hal_uart.o
 .text.HAL_UART_Init
                0x0800743c       0x5e build/stm32f4xx_hal_uart.o
                0x0800743c                HAL_UART_Init
 .text.HAL_UART_Transmit
                0x0800749a       0xd8 build/stm32f4xx_hal_uart.o
                0x0800749a                HAL_UART_Transmit
 .text.HAL_UART_TxCpltCallback
                0x08007572        0x2 build/stm32f4xx_hal_uart.o
                0x08007572                HAL_UART_TxCpltCallback
 .text.UART_EndTransmit_IT
                0x08007574       0x1a build/stm32f4xx_hal_uart.o
 .text.HAL_UART_ErrorCallback
                0x0800758e        0x2 build/stm32f4xx_hal_uart.o
                0x0800758e                HAL_UART_ErrorCallback
 .text.UART_DMAAbortOnError
                0x08007590       0x10 build/stm32f4xx_hal_uart.o
 .text.HAL_UARTEx_RxEventCallback
                0x080075a0        0x2 build/stm32f4xx_hal_uart.o
                0x080075a0                HAL_UARTEx_RxEventCallback
 .text.UART_Receive_IT
                0x080075a2       0xe2 build/stm32f4xx_hal_uart.o
 .text.HAL_UART_IRQHandler
                0x08007684      0x280 build/stm32f4xx_hal_uart.o
                0x08007684                HAL_UART_IRQHandler
 .text.UART_Start_Receive_IT
                0x08007904       0x36 build/stm32f4xx_hal_uart.o
                0x08007904                UART_Start_Receive_IT
 .text.HAL_UART_Receive_IT
                0x0800793a       0x38 build/stm32f4xx_hal_uart.o
                0x0800793a                HAL_UART_Receive_IT
 *fill*         0x08007972        0x2 
 .text.SystemInit
                0x08007974       0x14 build/system_stm32f4xx.o
                0x08007974                SystemInit
 .text.Reset_Handler
                0x08007988       0x50 build/startup_stm32f407xx.o
                0x08007988                Reset_Handler
 .text.Default_Handler
                0x080079d8        0x2 build/startup_stm32f407xx.o
                0x080079d8                RTC_Alarm_IRQHandler
                0x080079d8                HASH_RNG_IRQHandler
                0x080079d8                EXTI2_IRQHandler
                0x080079d8                TIM8_CC_IRQHandler
                0x080079d8                TIM1_CC_IRQHandler
                0x080079d8                DMA2_Stream5_IRQHandler
                0x080079d8                DMA1_Stream5_IRQHandler
                0x080079d8                PVD_IRQHandler
                0x080079d8                SDIO_IRQHandler
                0x080079d8                TAMP_STAMP_IRQHandler
                0x080079d8                CAN2_RX1_IRQHandler
                0x080079d8                EXTI3_IRQHandler
                0x080079d8                TIM8_TRG_COM_TIM14_IRQHandler
                0x080079d8                TIM8_UP_TIM13_IRQHandler
                0x080079d8                I2C3_ER_IRQHandler
                0x080079d8                EXTI0_IRQHandler
                0x080079d8                I2C2_EV_IRQHandler
                0x080079d8                DMA1_Stream2_IRQHandler
                0x080079d8                CAN1_RX0_IRQHandler
                0x080079d8                FPU_IRQHandler
                0x080079d8                OTG_HS_WKUP_IRQHandler
                0x080079d8                CAN2_SCE_IRQHandler
                0x080079d8                DMA2_Stream2_IRQHandler
                0x080079d8                SPI1_IRQHandler
                0x080079d8                TIM6_DAC_IRQHandler
                0x080079d8                TIM1_BRK_TIM9_IRQHandler
                0x080079d8                DCMI_IRQHandler
                0x080079d8                CAN2_RX0_IRQHandler
                0x080079d8                DMA2_Stream3_IRQHandler
                0x080079d8                USART6_IRQHandler
                0x080079d8                USART3_IRQHandler
                0x080079d8                CAN1_RX1_IRQHandler
                0x080079d8                UART5_IRQHandler
                0x080079d8                DMA2_Stream0_IRQHandler
                0x080079d8                TIM4_IRQHandler
                0x080079d8                I2C1_EV_IRQHandler
                0x080079d8                DMA1_Stream6_IRQHandler
                0x080079d8                DMA1_Stream1_IRQHandler
                0x080079d8                UART4_IRQHandler
                0x080079d8                TIM3_IRQHandler
                0x080079d8                RCC_IRQHandler
                0x080079d8                TIM8_BRK_TIM12_IRQHandler
                0x080079d8                Default_Handler
                0x080079d8                EXTI15_10_IRQHandler
                0x080079d8                ADC_IRQHandler
                0x080079d8                DMA1_Stream7_IRQHandler
                0x080079d8                TIM7_IRQHandler
                0x080079d8                CAN2_TX_IRQHandler
                0x080079d8                TIM5_IRQHandler
                0x080079d8                DMA2_Stream7_IRQHandler
                0x080079d8                I2C3_EV_IRQHandler
                0x080079d8                EXTI9_5_IRQHandler
                0x080079d8                RTC_WKUP_IRQHandler
                0x080079d8                ETH_WKUP_IRQHandler
                0x080079d8                SPI2_IRQHandler
                0x080079d8                OTG_HS_EP1_IN_IRQHandler
                0x080079d8                DMA1_Stream0_IRQHandler
                0x080079d8                CAN1_TX_IRQHandler
                0x080079d8                EXTI4_IRQHandler
                0x080079d8                FSMC_IRQHandler
                0x080079d8                ETH_IRQHandler
                0x080079d8                OTG_HS_EP1_OUT_IRQHandler
                0x080079d8                WWDG_IRQHandler
                0x080079d8                TIM2_IRQHandler
                0x080079d8                OTG_FS_WKUP_IRQHandler
                0x080079d8                TIM1_TRG_COM_TIM11_IRQHandler
                0x080079d8                OTG_HS_IRQHandler
                0x080079d8                EXTI1_IRQHandler
                0x080079d8                USART2_IRQHandler
                0x080079d8                I2C2_ER_IRQHandler
                0x080079d8                DMA2_Stream1_IRQHandler
                0x080079d8                CAN1_SCE_IRQHandler
                0x080079d8                FLASH_IRQHandler
                0x080079d8                DMA2_Stream4_IRQHandler
                0x080079d8                OTG_FS_IRQHandler
                0x080079d8                SPI3_IRQHandler
                0x080079d8                DMA1_Stream4_IRQHandler
                0x080079d8                I2C1_ER_IRQHandler
                0x080079d8                DMA2_Stream6_IRQHandler
                0x080079d8                DMA1_Stream3_IRQHandler
 *fill*         0x080079da        0x2 
 .text.__libc_init_array
                0x080079dc       0x48 c:/program files (x86)/gnu tools arm embedded/9 2019-q4-major/bin/../lib/gcc/arm-none-eabi/9.2.1/../../../../arm-none-eabi/lib/thumb/v7e-m+fp/hard\libc_nano.a(lib_a-init.o)
                0x080079dc                __libc_init_array
 .text.malloc   0x08007a24       0x10 c:/program files (x86)/gnu tools arm embedded/9 2019-q4-major/bin/../lib/gcc/arm-none-eabi/9.2.1/../../../../arm-none-eabi/lib/thumb/v7e-m+fp/hard\libc_nano.a(lib_a-malloc.o)
                0x08007a24                malloc
 .text.free     0x08007a34       0x10 c:/program files (x86)/gnu tools arm embedded/9 2019-q4-major/bin/../lib/gcc/arm-none-eabi/9.2.1/../../../../arm-none-eabi/lib/thumb/v7e-m+fp/hard\libc_nano.a(lib_a-malloc.o)
                0x08007a34                free
 .text.memset   0x08007a44       0x10 c:/program files (x86)/gnu tools arm embedded/9 2019-q4-major/bin/../lib/gcc/arm-none-eabi/9.2.1/../../../../arm-none-eabi/lib/thumb/v7e-m+fp/hard\libc_nano.a(lib_a-memset.o)
                0x08007a44                memset
 .text._free_r  0x08007a54       0xa0 c:/program files (x86)/gnu tools arm embedded/9 2019-q4-major/bin/../lib/gcc/arm-none-eabi/9.2.1/../../../../arm-none-eabi/lib/thumb/v7e-m+fp/hard\libc_nano.a(lib_a-nano-freer.o)
                0x08007a54                _free_r
 .text._malloc_r
                0x08007af4       0xb4 c:/program files (x86)/gnu tools arm embedded/9 2019-q4-major/bin/../lib/gcc/arm-none-eabi/9.2.1/../../../../arm-none-eabi/lib/thumb/v7e-m+fp/hard\libc_nano.a(lib_a-nano-mallocr.o)
                0x08007af4                _malloc_r
 .text.printf   0x08007ba8       0x30 c:/program files (x86)/gnu tools arm embedded/9 2019-q4-major/bin/../lib/gcc/arm-none-eabi/9.2.1/../../../../arm-none-eabi/lib/thumb/v7e-m+fp/hard\libc_nano.a(lib_a-printf.o)
                0x08007ba8                iprintf
                0x08007ba8                printf
 .text.putchar  0x08007bd8       0x2c c:/program files (x86)/gnu tools arm embedded/9 2019-q4-major/bin/../lib/gcc/arm-none-eabi/9.2.1/../../../../arm-none-eabi/lib/thumb/v7e-m+fp/hard\libc_nano.a(lib_a-putchar.o)
                0x08007bd8                putchar
 .text._puts_r  0x08007c04       0xdc c:/program files (x86)/gnu tools arm embedded/9 2019-q4-major/bin/../lib/gcc/arm-none-eabi/9.2.1/../../../../arm-none-eabi/lib/thumb/v7e-m+fp/hard\libc_nano.a(lib_a-puts.o)
                0x08007c04                _puts_r
 .text.puts     0x08007ce0       0x10 c:/program files (x86)/gnu tools arm embedded/9 2019-q4-major/bin/../lib/gcc/arm-none-eabi/9.2.1/../../../../arm-none-eabi/lib/thumb/v7e-m+fp/hard\libc_nano.a(lib_a-puts.o)
                0x08007ce0                puts
 .text._sbrk_r  0x08007cf0       0x20 c:/program files (x86)/gnu tools arm embedded/9 2019-q4-major/bin/../lib/gcc/arm-none-eabi/9.2.1/../../../../arm-none-eabi/lib/thumb/v7e-m+fp/hard\libc_nano.a(lib_a-sbrkr.o)
                0x08007cf0                _sbrk_r
 .text.__swbuf_r
                0x08007d10       0xa4 c:/program files (x86)/gnu tools arm embedded/9 2019-q4-major/bin/../lib/gcc/arm-none-eabi/9.2.1/../../../../arm-none-eabi/lib/thumb/v7e-m+fp/hard\libc_nano.a(lib_a-wbuf.o)
                0x08007d10                __swbuf_r
 .text.__swsetup_r
                0x08007db4       0xdc c:/program files (x86)/gnu tools arm embedded/9 2019-q4-major/bin/../lib/gcc/arm-none-eabi/9.2.1/../../../../arm-none-eabi/lib/thumb/v7e-m+fp/hard\libc_nano.a(lib_a-wsetup.o)
                0x08007db4                __swsetup_r
 .text.__sflush_r
                0x08007e90      0x10c c:/program files (x86)/gnu tools arm embedded/9 2019-q4-major/bin/../lib/gcc/arm-none-eabi/9.2.1/../../../../arm-none-eabi/lib/thumb/v7e-m+fp/hard\libc_nano.a(lib_a-fflush.o)
                0x08007e90                __sflush_r
 .text._fflush_r
                0x08007f9c       0x78 c:/program files (x86)/gnu tools arm embedded/9 2019-q4-major/bin/../lib/gcc/arm-none-eabi/9.2.1/../../../../arm-none-eabi/lib/thumb/v7e-m+fp/hard\libc_nano.a(lib_a-fflush.o)
                0x08007f9c                _fflush_r
 .text.std      0x08008014       0x48 c:/program files (x86)/gnu tools arm embedded/9 2019-q4-major/bin/../lib/gcc/arm-none-eabi/9.2.1/../../../../arm-none-eabi/lib/thumb/v7e-m+fp/hard\libc_nano.a(lib_a-findfp.o)
 .text._cleanup_r
                0x0800805c        0xc c:/program files (x86)/gnu tools arm embedded/9 2019-q4-major/bin/../lib/gcc/arm-none-eabi/9.2.1/../../../../arm-none-eabi/lib/thumb/v7e-m+fp/hard\libc_nano.a(lib_a-findfp.o)
                0x0800805c                _cleanup_r
 .text.__sfmoreglue
                0x08008068       0x2c c:/program files (x86)/gnu tools arm embedded/9 2019-q4-major/bin/../lib/gcc/arm-none-eabi/9.2.1/../../../../arm-none-eabi/lib/thumb/v7e-m+fp/hard\libc_nano.a(lib_a-findfp.o)
                0x08008068                __sfmoreglue
 .text.__sfp_lock_acquire
                0x08008094        0xc c:/program files (x86)/gnu tools arm embedded/9 2019-q4-major/bin/../lib/gcc/arm-none-eabi/9.2.1/../../../../arm-none-eabi/lib/thumb/v7e-m+fp/hard\libc_nano.a(lib_a-findfp.o)
                0x08008094                __sfp_lock_acquire
 .text.__sfp_lock_release
                0x080080a0        0xc c:/program files (x86)/gnu tools arm embedded/9 2019-q4-major/bin/../lib/gcc/arm-none-eabi/9.2.1/../../../../arm-none-eabi/lib/thumb/v7e-m+fp/hard\libc_nano.a(lib_a-findfp.o)
                0x080080a0                __sfp_lock_release
 .text.__sinit_lock_acquire
                0x080080ac        0xc c:/program files (x86)/gnu tools arm embedded/9 2019-q4-major/bin/../lib/gcc/arm-none-eabi/9.2.1/../../../../arm-none-eabi/lib/thumb/v7e-m+fp/hard\libc_nano.a(lib_a-findfp.o)
                0x080080ac                __sinit_lock_acquire
 .text.__sinit_lock_release
                0x080080b8        0xc c:/program files (x86)/gnu tools arm embedded/9 2019-q4-major/bin/../lib/gcc/arm-none-eabi/9.2.1/../../../../arm-none-eabi/lib/thumb/v7e-m+fp/hard\libc_nano.a(lib_a-findfp.o)
                0x080080b8                __sinit_lock_release
 .text.__sinit  0x080080c4       0x70 c:/program files (x86)/gnu tools arm embedded/9 2019-q4-major/bin/../lib/gcc/arm-none-eabi/9.2.1/../../../../arm-none-eabi/lib/thumb/v7e-m+fp/hard\libc_nano.a(lib_a-findfp.o)
                0x080080c4                __sinit
 .text.__sfp    0x08008134       0x8c c:/program files (x86)/gnu tools arm embedded/9 2019-q4-major/bin/../lib/gcc/arm-none-eabi/9.2.1/../../../../arm-none-eabi/lib/thumb/v7e-m+fp/hard\libc_nano.a(lib_a-findfp.o)
                0x08008134                __sfp
 .text._fwalk_reent
                0x080081c0       0x3e c:/program files (x86)/gnu tools arm embedded/9 2019-q4-major/bin/../lib/gcc/arm-none-eabi/9.2.1/../../../../arm-none-eabi/lib/thumb/v7e-m+fp/hard\libc_nano.a(lib_a-fwalk.o)
                0x080081c0                _fwalk_reent
 .text.__retarget_lock_init_recursive
                0x080081fe        0x2 c:/program files (x86)/gnu tools arm embedded/9 2019-q4-major/bin/../lib/gcc/arm-none-eabi/9.2.1/../../../../arm-none-eabi/lib/thumb/v7e-m+fp/hard\libc_nano.a(lib_a-lock.o)
                0x080081fe                __retarget_lock_init_recursive
 .text.__retarget_lock_acquire_recursive
                0x08008200        0x2 c:/program files (x86)/gnu tools arm embedded/9 2019-q4-major/bin/../lib/gcc/arm-none-eabi/9.2.1/../../../../arm-none-eabi/lib/thumb/v7e-m+fp/hard\libc_nano.a(lib_a-lock.o)
                0x08008200                __retarget_lock_acquire_recursive
 .text.__retarget_lock_release_recursive
                0x08008202        0x2 c:/program files (x86)/gnu tools arm embedded/9 2019-q4-major/bin/../lib/gcc/arm-none-eabi/9.2.1/../../../../arm-none-eabi/lib/thumb/v7e-m+fp/hard\libc_nano.a(lib_a-lock.o)
                0x08008202                __retarget_lock_release_recursive
 .text.__swhatbuf_r
                0x08008204       0x48 c:/program files (x86)/gnu tools arm embedded/9 2019-q4-major/bin/../lib/gcc/arm-none-eabi/9.2.1/../../../../arm-none-eabi/lib/thumb/v7e-m+fp/hard\libc_nano.a(lib_a-makebuf.o)
                0x08008204                __swhatbuf_r
 .text.__smakebuf_r
                0x0800824c       0x80 c:/program files (x86)/gnu tools arm embedded/9 2019-q4-major/bin/../lib/gcc/arm-none-eabi/9.2.1/../../../../arm-none-eabi/lib/thumb/v7e-m+fp/hard\libc_nano.a(lib_a-makebuf.o)
                0x0800824c                __smakebuf_r
 .text.__malloc_lock
                0x080082cc        0xc c:/program files (x86)/gnu tools arm embedded/9 2019-q4-major/bin/../lib/gcc/arm-none-eabi/9.2.1/../../../../arm-none-eabi/lib/thumb/v7e-m+fp/hard\libc_nano.a(lib_a-mlock.o)
                0x080082cc                __malloc_lock
 .text.__malloc_unlock
                0x080082d8        0xc c:/program files (x86)/gnu tools arm embedded/9 2019-q4-major/bin/../lib/gcc/arm-none-eabi/9.2.1/../../../../arm-none-eabi/lib/thumb/v7e-m+fp/hard\libc_nano.a(lib_a-mlock.o)
                0x080082d8                __malloc_unlock
 .text.__sfputc_r
                0x080082e4       0x2e c:/program files (x86)/gnu tools arm embedded/9 2019-q4-major/bin/../lib/gcc/arm-none-eabi/9.2.1/../../../../arm-none-eabi/lib/thumb/v7e-m+fp/hard\libc_nano.a(lib_a-nano-vfprintf.o)
 .text.__sfputs_r
                0x08008312       0x24 c:/program files (x86)/gnu tools arm embedded/9 2019-q4-major/bin/../lib/gcc/arm-none-eabi/9.2.1/../../../../arm-none-eabi/lib/thumb/v7e-m+fp/hard\libc_nano.a(lib_a-nano-vfprintf.o)
                0x08008312                __sfputs_r
 *fill*         0x08008336        0x2 
 .text._vfprintf_r
                0x08008338      0x260 c:/program files (x86)/gnu tools arm embedded/9 2019-q4-major/bin/../lib/gcc/arm-none-eabi/9.2.1/../../../../arm-none-eabi/lib/thumb/v7e-m+fp/hard\libc_nano.a(lib_a-nano-vfprintf.o)
                0x08008338                _vfprintf_r
                0x08008338                _vfiprintf_r
 .text._printf_common
                0x08008598       0xda c:/program files (x86)/gnu tools arm embedded/9 2019-q4-major/bin/../lib/gcc/arm-none-eabi/9.2.1/../../../../arm-none-eabi/lib/thumb/v7e-m+fp/hard\libc_nano.a(lib_a-nano-vfprintf_i.o)
                0x08008598                _printf_common
 *fill*         0x08008672        0x2 
 .text._printf_i
                0x08008674      0x24c c:/program files (x86)/gnu tools arm embedded/9 2019-q4-major/bin/../lib/gcc/arm-none-eabi/9.2.1/../../../../arm-none-eabi/lib/thumb/v7e-m+fp/hard\libc_nano.a(lib_a-nano-vfprintf_i.o)
                0x08008674                _printf_i
 .text._putc_r  0x080088c0       0x90 c:/program files (x86)/gnu tools arm embedded/9 2019-q4-major/bin/../lib/gcc/arm-none-eabi/9.2.1/../../../../arm-none-eabi/lib/thumb/v7e-m+fp/hard\libc_nano.a(lib_a-putc.o)
                0x080088c0                _putc_r
 .text.__sread  0x08008950       0x22 c:/program files (x86)/gnu tools arm embedded/9 2019-q4-major/bin/../lib/gcc/arm-none-eabi/9.2.1/../../../../arm-none-eabi/lib/thumb/v7e-m+fp/hard\libc_nano.a(lib_a-stdio.o)
                0x08008950                __sread
 .text.__swrite
                0x08008972       0x38 c:/program files (x86)/gnu tools arm embedded/9 2019-q4-major/bin/../lib/gcc/arm-none-eabi/9.2.1/../../../../arm-none-eabi/lib/thumb/v7e-m+fp/hard\libc_nano.a(lib_a-stdio.o)
                0x08008972                __swrite
 .text.__sseek  0x080089aa       0x24 c:/program files (x86)/gnu tools arm embedded/9 2019-q4-major/bin/../lib/gcc/arm-none-eabi/9.2.1/../../../../arm-none-eabi/lib/thumb/v7e-m+fp/hard\libc_nano.a(lib_a-stdio.o)
                0x080089aa                __sseek
 .text.__sclose
                0x080089ce        0x8 c:/program files (x86)/gnu tools arm embedded/9 2019-q4-major/bin/../lib/gcc/arm-none-eabi/9.2.1/../../../../arm-none-eabi/lib/thumb/v7e-m+fp/hard\libc_nano.a(lib_a-stdio.o)
                0x080089ce                __sclose
 *fill*         0x080089d6        0x2 
 .text._write_r
                0x080089d8       0x24 c:/program files (x86)/gnu tools arm embedded/9 2019-q4-major/bin/../lib/gcc/arm-none-eabi/9.2.1/../../../../arm-none-eabi/lib/thumb/v7e-m+fp/hard\libc_nano.a(lib_a-writer.o)
                0x080089d8                _write_r
 .text._close_r
                0x080089fc       0x20 c:/program files (x86)/gnu tools arm embedded/9 2019-q4-major/bin/../lib/gcc/arm-none-eabi/9.2.1/../../../../arm-none-eabi/lib/thumb/v7e-m+fp/hard\libc_nano.a(lib_a-closer.o)
                0x080089fc                _close_r
 .text._fstat_r
                0x08008a1c       0x24 c:/program files (x86)/gnu tools arm embedded/9 2019-q4-major/bin/../lib/gcc/arm-none-eabi/9.2.1/../../../../arm-none-eabi/lib/thumb/v7e-m+fp/hard\libc_nano.a(lib_a-fstatr.o)
                0x08008a1c                _fstat_r
 .text._isatty_r
                0x08008a40       0x20 c:/program files (x86)/gnu tools arm embedded/9 2019-q4-major/bin/../lib/gcc/arm-none-eabi/9.2.1/../../../../arm-none-eabi/lib/thumb/v7e-m+fp/hard\libc_nano.a(lib_a-isattyr.o)
                0x08008a40                _isatty_r
 .text._lseek_r
                0x08008a60       0x24 c:/program files (x86)/gnu tools arm embedded/9 2019-q4-major/bin/../lib/gcc/arm-none-eabi/9.2.1/../../../../arm-none-eabi/lib/thumb/v7e-m+fp/hard\libc_nano.a(lib_a-lseekr.o)
                0x08008a60                _lseek_r
 .text._read_r  0x08008a84       0x24 c:/program files (x86)/gnu tools arm embedded/9 2019-q4-major/bin/../lib/gcc/arm-none-eabi/9.2.1/../../../../arm-none-eabi/lib/thumb/v7e-m+fp/hard\libc_nano.a(lib_a-readr.o)
                0x08008a84                _read_r
 .text._close   0x08008aa8       0x10 c:/program files (x86)/gnu tools arm embedded/9 2019-q4-major/bin/../lib/gcc/arm-none-eabi/9.2.1/../../../../arm-none-eabi/lib/thumb/v7e-m+fp/hard\libnosys.a(close.o)
                0x08008aa8                _close
 .text._fstat   0x08008ab8       0x10 c:/program files (x86)/gnu tools arm embedded/9 2019-q4-major/bin/../lib/gcc/arm-none-eabi/9.2.1/../../../../arm-none-eabi/lib/thumb/v7e-m+fp/hard\libnosys.a(fstat.o)
                0x08008ab8                _fstat
 .text._isatty  0x08008ac8       0x10 c:/program files (x86)/gnu tools arm embedded/9 2019-q4-major/bin/../lib/gcc/arm-none-eabi/9.2.1/../../../../arm-none-eabi/lib/thumb/v7e-m+fp/hard\libnosys.a(isatty.o)
                0x08008ac8                _isatty
 .text._lseek   0x08008ad8       0x10 c:/program files (x86)/gnu tools arm embedded/9 2019-q4-major/bin/../lib/gcc/arm-none-eabi/9.2.1/../../../../arm-none-eabi/lib/thumb/v7e-m+fp/hard\libnosys.a(lseek.o)
                0x08008ad8                _lseek
 .text._read    0x08008ae8       0x10 c:/program files (x86)/gnu tools arm embedded/9 2019-q4-major/bin/../lib/gcc/arm-none-eabi/9.2.1/../../../../arm-none-eabi/lib/thumb/v7e-m+fp/hard\libnosys.a(read.o)
                0x08008ae8                _read
 .text._sbrk    0x08008af8       0x1c c:/program files (x86)/gnu tools arm embedded/9 2019-q4-major/bin/../lib/gcc/arm-none-eabi/9.2.1/../../../../arm-none-eabi/lib/thumb/v7e-m+fp/hard\libnosys.a(sbrk.o)
                0x08008af8                _sbrk
 *(.glue_7)
 .glue_7        0x08008b14        0x0 linker stubs
 *(.glue_7t)
 .glue_7t       0x08008b14        0x0 linker stubs
 *(.eh_frame)
 .eh_frame      0x08008b14        0x0 c:/program files (x86)/gnu tools arm embedded/9 2019-q4-major/bin/../lib/gcc/arm-none-eabi/9.2.1/thumb/v7e-m+fp/hard/crtbegin.o
 *(.init)
 .init          0x08008b14        0x4 c:/program files (x86)/gnu tools arm embedded/9 2019-q4-major/bin/../lib/gcc/arm-none-eabi/9.2.1/thumb/v7e-m+fp/hard/crti.o
                0x08008b14                _init
 .init          0x08008b18        0x8 c:/program files (x86)/gnu tools arm embedded/9 2019-q4-major/bin/../lib/gcc/arm-none-eabi/9.2.1/thumb/v7e-m+fp/hard/crtn.o
 *(.fini)
 .fini          0x08008b20        0x4 c:/program files (x86)/gnu tools arm embedded/9 2019-q4-major/bin/../lib/gcc/arm-none-eabi/9.2.1/thumb/v7e-m+fp/hard/crti.o
                0x08008b20                _fini
 .fini          0x08008b24        0x8 c:/program files (x86)/gnu tools arm embedded/9 2019-q4-major/bin/../lib/gcc/arm-none-eabi/9.2.1/thumb/v7e-m+fp/hard/crtn.o
                0x08008b2c                . = ALIGN (0x4)
                0x08008b2c                _etext = .

.vfp11_veneer   0x08008b2c        0x0
 .vfp11_veneer  0x08008b2c        0x0 linker stubs

.v4_bx          0x08008b2c        0x0
 .v4_bx         0x08008b2c        0x0 linker stubs

.iplt           0x08008b2c        0x0
 .iplt          0x08008b2c        0x0 c:/program files (x86)/gnu tools arm embedded/9 2019-q4-major/bin/../lib/gcc/arm-none-eabi/9.2.1/thumb/v7e-m+fp/hard/crtbegin.o

.rodata         0x08008b2c      0x69c
                0x08008b2c                . = ALIGN (0x4)
 *(.rodata)
 *(.rodata*)
 .rodata.main.str1.4
                0x08008b2c       0x3f build/main.o
 *fill*         0x08008b6b        0x1 
 .rodata.omegas_inv_bitrev_montgomery
                0x08008b6c      0x100 build/precomp.o
                0x08008b6c                omegas_inv_bitrev_montgomery
 .rodata.psis_inv_montgomery
                0x08008c6c      0x200 build/precomp.o
                0x08008c6c                psis_inv_montgomery
 .rodata.zetas  0x08008e6c      0x1fe build/precomp.o
                0x08008e6c                zetas
 *fill*         0x0800906a        0x2 
 .rodata.crypto_kem_enc.str1.4
                0x0800906c        0xd build/kem.o
                                 0x15 (size before relaxing)
 *fill*         0x08009079        0x3 
 .rodata.seed   0x0800907c       0x80 build/randombytes.o
 .rodata.indcpa_keypair.str1.4
                0x080090fc       0x1c build/indcpa.o
                                 0x24 (size before relaxing)
 .rodata.AHBPrescTable
                0x08009118       0x10 build/system_stm32f4xx.o
                0x08009118                AHBPrescTable
 .rodata.APBPrescTable
                0x08009128        0x8 build/system_stm32f4xx.o
                0x08009128                APBPrescTable
 .rodata._global_impure_ptr
                0x08009130        0x4 c:/program files (x86)/gnu tools arm embedded/9 2019-q4-major/bin/../lib/gcc/arm-none-eabi/9.2.1/../../../../arm-none-eabi/lib/thumb/v7e-m+fp/hard\libc_nano.a(lib_a-impure.o)
                0x08009130                _global_impure_ptr
 .rodata.__sf_fake_stderr
                0x08009134       0x20 c:/program files (x86)/gnu tools arm embedded/9 2019-q4-major/bin/../lib/gcc/arm-none-eabi/9.2.1/../../../../arm-none-eabi/lib/thumb/v7e-m+fp/hard\libc_nano.a(lib_a-findfp.o)
                0x08009134                __sf_fake_stderr
 .rodata.__sf_fake_stdin
                0x08009154       0x20 c:/program files (x86)/gnu tools arm embedded/9 2019-q4-major/bin/../lib/gcc/arm-none-eabi/9.2.1/../../../../arm-none-eabi/lib/thumb/v7e-m+fp/hard\libc_nano.a(lib_a-findfp.o)
                0x08009154                __sf_fake_stdin
 .rodata.__sf_fake_stdout
                0x08009174       0x20 c:/program files (x86)/gnu tools arm embedded/9 2019-q4-major/bin/../lib/gcc/arm-none-eabi/9.2.1/../../../../arm-none-eabi/lib/thumb/v7e-m+fp/hard\libc_nano.a(lib_a-findfp.o)
                0x08009174                __sf_fake_stdout
 .rodata._vfprintf_r.str1.1
                0x08009194       0x11 c:/program files (x86)/gnu tools arm embedded/9 2019-q4-major/bin/../lib/gcc/arm-none-eabi/9.2.1/../../../../arm-none-eabi/lib/thumb/v7e-m+fp/hard\libc_nano.a(lib_a-nano-vfprintf.o)
 .rodata._printf_i.str1.1
                0x080091a5       0x22 c:/program files (x86)/gnu tools arm embedded/9 2019-q4-major/bin/../lib/gcc/arm-none-eabi/9.2.1/../../../../arm-none-eabi/lib/thumb/v7e-m+fp/hard\libc_nano.a(lib_a-nano-vfprintf_i.o)
                0x080091c8                . = ALIGN (0x4)
 *fill*         0x080091c7        0x1 

.ARM.extab
 *(.ARM.extab* .gnu.linkonce.armextab.*)

.ARM            0x080091c8        0x8
                0x080091c8                __exidx_start = .
 *(.ARM.exidx*)
 .ARM.exidx     0x080091c8        0x8 c:/program files (x86)/gnu tools arm embedded/9 2019-q4-major/bin/../lib/gcc/arm-none-eabi/9.2.1/thumb/v7e-m+fp/hard\libgcc.a(_udivmoddi4.o)
                0x080091d0                __exidx_end = .

.rel.dyn        0x080091d0        0x0
 .rel.iplt      0x080091d0        0x0 c:/program files (x86)/gnu tools arm embedded/9 2019-q4-major/bin/../lib/gcc/arm-none-eabi/9.2.1/thumb/v7e-m+fp/hard/crtbegin.o

.preinit_array  0x080091d0        0x0
                0x080091d0                PROVIDE (__preinit_array_start = .)
 *(.preinit_array*)
                0x080091d0                PROVIDE (__preinit_array_end = .)

.init_array     0x080091d0        0x4
                0x080091d0                PROVIDE (__init_array_start = .)
 *(SORT_BY_NAME(.init_array.*))
 *(.init_array*)
 .init_array    0x080091d0        0x4 c:/program files (x86)/gnu tools arm embedded/9 2019-q4-major/bin/../lib/gcc/arm-none-eabi/9.2.1/thumb/v7e-m+fp/hard/crtbegin.o
                0x080091d4                PROVIDE (__init_array_end = .)

.fini_array     0x080091d4        0x4
                [!provide]                PROVIDE (__fini_array_start = .)
 *(SORT_BY_NAME(.fini_array.*))
 *(.fini_array*)
 .fini_array    0x080091d4        0x4 c:/program files (x86)/gnu tools arm embedded/9 2019-q4-major/bin/../lib/gcc/arm-none-eabi/9.2.1/thumb/v7e-m+fp/hard/crtbegin.o
                [!provide]                PROVIDE (__fini_array_end = .)
                0x080091d8                _sidata = LOADADDR (.data)

.data           0x20000000       0x70 load address 0x080091d8
                0x20000000                . = ALIGN (0x4)
                0x20000000                _sdata = .
 *(.data)
 *(.data*)
 .data.uwTickFreq
                0x20000000        0x1 build/stm32f4xx_hal.o
                0x20000000                uwTickFreq
 *fill*         0x20000001        0x3 
 .data.uwTickPrio
                0x20000004        0x4 build/stm32f4xx_hal.o
                0x20000004                uwTickPrio
 .data.SystemCoreClock
                0x20000008        0x4 build/system_stm32f4xx.o
                0x20000008                SystemCoreClock
 .data._impure_ptr
                0x2000000c        0x4 c:/program files (x86)/gnu tools arm embedded/9 2019-q4-major/bin/../lib/gcc/arm-none-eabi/9.2.1/../../../../arm-none-eabi/lib/thumb/v7e-m+fp/hard\libc_nano.a(lib_a-impure.o)
                0x2000000c                _impure_ptr
 .data.impure_data
                0x20000010       0x60 c:/program files (x86)/gnu tools arm embedded/9 2019-q4-major/bin/../lib/gcc/arm-none-eabi/9.2.1/../../../../arm-none-eabi/lib/thumb/v7e-m+fp/hard\libc_nano.a(lib_a-impure.o)
                0x20000070                . = ALIGN (0x4)
                0x20000070                _edata = .
                0x08009248                _siccmram = LOADADDR (.ccmram)

.igot.plt       0x20000070        0x0 load address 0x08009248
 .igot.plt      0x20000070        0x0 c:/program files (x86)/gnu tools arm embedded/9 2019-q4-major/bin/../lib/gcc/arm-none-eabi/9.2.1/thumb/v7e-m+fp/hard/crtbegin.o

.ccmram         0x10000000        0x0 load address 0x08009248
                0x10000000                . = ALIGN (0x4)
                0x10000000                _sccmram = .
 *(.ccmram)
 *(.ccmram*)
                0x10000000                . = ALIGN (0x4)
                0x10000000                _eccmram = .
                0x10000000                . = ALIGN (0x4)

.bss            0x20000070      0x1ec
                0x20000070                _sbss = .
                0x20000070                __bss_start__ = _sbss
 *(.bss)
 .bss           0x20000070       0x1c c:/program files (x86)/gnu tools arm embedded/9 2019-q4-major/bin/../lib/gcc/arm-none-eabi/9.2.1/thumb/v7e-m+fp/hard/crtbegin.o
 *(.bss*)
 .bss.USART_RX_STA
                0x2000008c        0x2 build/usart.o
                0x2000008c                USART_RX_STA
 *fill*         0x2000008e        0x2 
 .bss.in        0x20000090       0x30 build/randombytes.o
 .bss.out       0x200000c0       0x20 build/randombytes.o
 .bss.outleft   0x200000e0        0x4 build/randombytes.o
 .bss.__malloc_free_list
                0x200000e4        0x4 c:/program files (x86)/gnu tools arm embedded/9 2019-q4-major/bin/../lib/gcc/arm-none-eabi/9.2.1/../../../../arm-none-eabi/lib/thumb/v7e-m+fp/hard\libc_nano.a(lib_a-nano-mallocr.o)
                0x200000e4                __malloc_free_list
 .bss.__malloc_sbrk_start
                0x200000e8        0x4 c:/program files (x86)/gnu tools arm embedded/9 2019-q4-major/bin/../lib/gcc/arm-none-eabi/9.2.1/../../../../arm-none-eabi/lib/thumb/v7e-m+fp/hard\libc_nano.a(lib_a-nano-mallocr.o)
                0x200000e8                __malloc_sbrk_start
 .bss.heap_end.5507
                0x200000ec        0x4 c:/program files (x86)/gnu tools arm embedded/9 2019-q4-major/bin/../lib/gcc/arm-none-eabi/9.2.1/../../../../arm-none-eabi/lib/thumb/v7e-m+fp/hard\libnosys.a(sbrk.o)
 *(COMMON)
 COMMON         0x200000f0       0x48 build/tim.o
                0x200000f0                htim1
 COMMON         0x20000138      0x110 build/usart.o
                0x20000138                RX_BUF
                0x2000013c                huart1
                0x20000180                USART_RX_BUF
 COMMON         0x20000248        0x4 build/stm32f4xx_hal.o
                0x20000248                uwTick
 COMMON         0x2000024c        0x9 c:/program files (x86)/gnu tools arm embedded/9 2019-q4-major/bin/../lib/gcc/arm-none-eabi/9.2.1/../../../../arm-none-eabi/lib/thumb/v7e-m+fp/hard\libc_nano.a(lib_a-lock.o)
                0x2000024c                __lock___atexit_recursive_mutex
                0x2000024d                __lock___arc4random_mutex
                0x2000024e                __lock___env_recursive_mutex
                0x2000024f                __lock___sinit_recursive_mutex
                0x20000250                __lock___malloc_recursive_mutex
                0x20000251                __lock___at_quick_exit_mutex
                0x20000252                __lock___dd_hash_mutex
                0x20000253                __lock___tz_mutex
                0x20000254                __lock___sfp_recursive_mutex
 *fill*         0x20000255        0x3 
 COMMON         0x20000258        0x4 c:/program files (x86)/gnu tools arm embedded/9 2019-q4-major/bin/../lib/gcc/arm-none-eabi/9.2.1/../../../../arm-none-eabi/lib/thumb/v7e-m+fp/hard\libc_nano.a(lib_a-reent.o)
                0x20000258                errno
                0x2000025c                . = ALIGN (0x4)
                0x2000025c                _ebss = .
                0x2000025c                __bss_end__ = _ebss

._user_heap_stack
                0x2000025c      0x604
                0x20000260                . = ALIGN (0x8)
 *fill*         0x2000025c        0x4 
                0x20000260                PROVIDE (end = .)
                [!provide]                PROVIDE (_end = .)
                0x20000460                . = (. + _Min_Heap_Size)
 *fill*         0x20000260      0x200 
                0x20000860                . = (. + _Min_Stack_Size)
 *fill*         0x20000460      0x400 
                0x20000860                . = ALIGN (0x8)

/DISCARD/
 libc.a(*)
 libm.a(*)
 libgcc.a(*)

.ARM.attributes
                0x00000000       0x30
 *(.ARM.attributes)
 .ARM.attributes
                0x00000000       0x1e c:/program files (x86)/gnu tools arm embedded/9 2019-q4-major/bin/../lib/gcc/arm-none-eabi/9.2.1/thumb/v7e-m+fp/hard/crti.o
 .ARM.attributes
                0x0000001e       0x34 c:/program files (x86)/gnu tools arm embedded/9 2019-q4-major/bin/../lib/gcc/arm-none-eabi/9.2.1/thumb/v7e-m+fp/hard/crtbegin.o
 .ARM.attributes
                0x00000052       0x34 build/main.o
 .ARM.attributes
                0x00000086       0x34 build/gpio.o
 .ARM.attributes
                0x000000ba       0x34 build/tim.o
 .ARM.attributes
                0x000000ee       0x34 build/usart.o
 .ARM.attributes
                0x00000122       0x34 build/stm32f4xx_it.o
 .ARM.attributes
                0x00000156       0x34 build/stm32f4xx_hal_msp.o
 .ARM.attributes
                0x0000018a       0x34 build/ntt.o
 .ARM.attributes
                0x000001be       0x39 build/precomp.o
 .ARM.attributes
                0x000001f7       0x34 build/kem.o
 .ARM.attributes
                0x0000022b       0x34 build/randombytes.o
 .ARM.attributes
                0x0000025f       0x34 build/indcpa.o
 .ARM.attributes
                0x00000293       0x34 build/polyvec.o
 .ARM.attributes
                0x000002c7       0x34 build/poly.o
 .ARM.attributes
                0x000002fb       0x34 build/cbd.o
 .ARM.attributes
                0x0000032f       0x34 build/fips202.o
 .ARM.attributes
                0x00000363       0x34 build/reduce.o
 .ARM.attributes
                0x00000397       0x34 build/verify.o
 .ARM.attributes
                0x000003cb       0x34 build/stm32f4xx_hal_tim.o
 .ARM.attributes
                0x000003ff       0x34 build/stm32f4xx_hal_tim_ex.o
 .ARM.attributes
                0x00000433       0x34 build/stm32f4xx_hal_rcc.o
 .ARM.attributes
                0x00000467       0x34 build/stm32f4xx_hal_gpio.o
 .ARM.attributes
                0x0000049b       0x34 build/stm32f4xx_hal_dma.o
 .ARM.attributes
                0x000004cf       0x34 build/stm32f4xx_hal_cortex.o
 .ARM.attributes
                0x00000503       0x34 build/stm32f4xx_hal.o
 .ARM.attributes
                0x00000537       0x34 build/stm32f4xx_hal_uart.o
 .ARM.attributes
                0x0000056b       0x34 build/system_stm32f4xx.o
 .ARM.attributes
                0x0000059f       0x20 build/kyber.o
 .ARM.attributes
                0x000005bf       0x20 build/KeccakP-1600-inplace-32bi-armv7m-le-gcc.o
 .ARM.attributes
                0x000005df       0x21 build/startup_stm32f407xx.o
 .ARM.attributes
                0x00000600       0x32 c:/program files (x86)/gnu tools arm embedded/9 2019-q4-major/bin/../lib/gcc/arm-none-eabi/9.2.1/../../../../arm-none-eabi/lib/thumb/v7e-m+fp/hard\libc_nano.a(lib_a-impure.o)
 .ARM.attributes
                0x00000632       0x34 c:/program files (x86)/gnu tools arm embedded/9 2019-q4-major/bin/../lib/gcc/arm-none-eabi/9.2.1/../../../../arm-none-eabi/lib/thumb/v7e-m+fp/hard\libc_nano.a(lib_a-init.o)
 .ARM.attributes
                0x00000666       0x34 c:/program files (x86)/gnu tools arm embedded/9 2019-q4-major/bin/../lib/gcc/arm-none-eabi/9.2.1/../../../../arm-none-eabi/lib/thumb/v7e-m+fp/hard\libc_nano.a(lib_a-malloc.o)
 .ARM.attributes
                0x0000069a       0x34 c:/program files (x86)/gnu tools arm embedded/9 2019-q4-major/bin/../lib/gcc/arm-none-eabi/9.2.1/../../../../arm-none-eabi/lib/thumb/v7e-m+fp/hard\libc_nano.a(lib_a-memset.o)
 .ARM.attributes
                0x000006ce       0x34 c:/program files (x86)/gnu tools arm embedded/9 2019-q4-major/bin/../lib/gcc/arm-none-eabi/9.2.1/../../../../arm-none-eabi/lib/thumb/v7e-m+fp/hard\libc_nano.a(lib_a-nano-freer.o)
 .ARM.attributes
                0x00000702       0x34 c:/program files (x86)/gnu tools arm embedded/9 2019-q4-major/bin/../lib/gcc/arm-none-eabi/9.2.1/../../../../arm-none-eabi/lib/thumb/v7e-m+fp/hard\libc_nano.a(lib_a-nano-mallocr.o)
 .ARM.attributes
                0x00000736       0x34 c:/program files (x86)/gnu tools arm embedded/9 2019-q4-major/bin/../lib/gcc/arm-none-eabi/9.2.1/../../../../arm-none-eabi/lib/thumb/v7e-m+fp/hard\libc_nano.a(lib_a-printf.o)
 .ARM.attributes
                0x0000076a       0x34 c:/program files (x86)/gnu tools arm embedded/9 2019-q4-major/bin/../lib/gcc/arm-none-eabi/9.2.1/../../../../arm-none-eabi/lib/thumb/v7e-m+fp/hard\libc_nano.a(lib_a-putchar.o)
 .ARM.attributes
                0x0000079e       0x34 c:/program files (x86)/gnu tools arm embedded/9 2019-q4-major/bin/../lib/gcc/arm-none-eabi/9.2.1/../../../../arm-none-eabi/lib/thumb/v7e-m+fp/hard\libc_nano.a(lib_a-puts.o)
 .ARM.attributes
                0x000007d2       0x34 c:/program files (x86)/gnu tools arm embedded/9 2019-q4-major/bin/../lib/gcc/arm-none-eabi/9.2.1/../../../../arm-none-eabi/lib/thumb/v7e-m+fp/hard\libc_nano.a(lib_a-sbrkr.o)
 .ARM.attributes
                0x00000806       0x34 c:/program files (x86)/gnu tools arm embedded/9 2019-q4-major/bin/../lib/gcc/arm-none-eabi/9.2.1/../../../../arm-none-eabi/lib/thumb/v7e-m+fp/hard\libc_nano.a(lib_a-wbuf.o)
 .ARM.attributes
                0x0000083a       0x34 c:/program files (x86)/gnu tools arm embedded/9 2019-q4-major/bin/../lib/gcc/arm-none-eabi/9.2.1/../../../../arm-none-eabi/lib/thumb/v7e-m+fp/hard\libc_nano.a(lib_a-wsetup.o)
 .ARM.attributes
                0x0000086e       0x34 c:/program files (x86)/gnu tools arm embedded/9 2019-q4-major/bin/../lib/gcc/arm-none-eabi/9.2.1/../../../../arm-none-eabi/lib/thumb/v7e-m+fp/hard\libc_nano.a(lib_a-fflush.o)
 .ARM.attributes
                0x000008a2       0x34 c:/program files (x86)/gnu tools arm embedded/9 2019-q4-major/bin/../lib/gcc/arm-none-eabi/9.2.1/../../../../arm-none-eabi/lib/thumb/v7e-m+fp/hard\libc_nano.a(lib_a-findfp.o)
 .ARM.attributes
                0x000008d6       0x34 c:/program files (x86)/gnu tools arm embedded/9 2019-q4-major/bin/../lib/gcc/arm-none-eabi/9.2.1/../../../../arm-none-eabi/lib/thumb/v7e-m+fp/hard\libc_nano.a(lib_a-fwalk.o)
 .ARM.attributes
                0x0000090a       0x34 c:/program files (x86)/gnu tools arm embedded/9 2019-q4-major/bin/../lib/gcc/arm-none-eabi/9.2.1/../../../../arm-none-eabi/lib/thumb/v7e-m+fp/hard\libc_nano.a(lib_a-lock.o)
 .ARM.attributes
                0x0000093e       0x34 c:/program files (x86)/gnu tools arm embedded/9 2019-q4-major/bin/../lib/gcc/arm-none-eabi/9.2.1/../../../../arm-none-eabi/lib/thumb/v7e-m+fp/hard\libc_nano.a(lib_a-makebuf.o)
 .ARM.attributes
                0x00000972       0x34 c:/program files (x86)/gnu tools arm embedded/9 2019-q4-major/bin/../lib/gcc/arm-none-eabi/9.2.1/../../../../arm-none-eabi/lib/thumb/v7e-m+fp/hard\libc_nano.a(lib_a-mlock.o)
 .ARM.attributes
                0x000009a6       0x34 c:/program files (x86)/gnu tools arm embedded/9 2019-q4-major/bin/../lib/gcc/arm-none-eabi/9.2.1/../../../../arm-none-eabi/lib/thumb/v7e-m+fp/hard\libc_nano.a(lib_a-nano-vfprintf.o)
 .ARM.attributes
                0x000009da       0x34 c:/program files (x86)/gnu tools arm embedded/9 2019-q4-major/bin/../lib/gcc/arm-none-eabi/9.2.1/../../../../arm-none-eabi/lib/thumb/v7e-m+fp/hard\libc_nano.a(lib_a-nano-vfprintf_i.o)
 .ARM.attributes
                0x00000a0e       0x34 c:/program files (x86)/gnu tools arm embedded/9 2019-q4-major/bin/../lib/gcc/arm-none-eabi/9.2.1/../../../../arm-none-eabi/lib/thumb/v7e-m+fp/hard\libc_nano.a(lib_a-putc.o)
 .ARM.attributes
                0x00000a42       0x34 c:/program files (x86)/gnu tools arm embedded/9 2019-q4-major/bin/../lib/gcc/arm-none-eabi/9.2.1/../../../../arm-none-eabi/lib/thumb/v7e-m+fp/hard\libc_nano.a(lib_a-reent.o)
 .ARM.attributes
                0x00000a76       0x34 c:/program files (x86)/gnu tools arm embedded/9 2019-q4-major/bin/../lib/gcc/arm-none-eabi/9.2.1/../../../../arm-none-eabi/lib/thumb/v7e-m+fp/hard\libc_nano.a(lib_a-stdio.o)
 .ARM.attributes
                0x00000aaa       0x34 c:/program files (x86)/gnu tools arm embedded/9 2019-q4-major/bin/../lib/gcc/arm-none-eabi/9.2.1/../../../../arm-none-eabi/lib/thumb/v7e-m+fp/hard\libc_nano.a(lib_a-writer.o)
 .ARM.attributes
                0x00000ade       0x34 c:/program files (x86)/gnu tools arm embedded/9 2019-q4-major/bin/../lib/gcc/arm-none-eabi/9.2.1/../../../../arm-none-eabi/lib/thumb/v7e-m+fp/hard\libc_nano.a(lib_a-closer.o)
 .ARM.attributes
                0x00000b12       0x34 c:/program files (x86)/gnu tools arm embedded/9 2019-q4-major/bin/../lib/gcc/arm-none-eabi/9.2.1/../../../../arm-none-eabi/lib/thumb/v7e-m+fp/hard\libc_nano.a(lib_a-fstatr.o)
 .ARM.attributes
                0x00000b46       0x34 c:/program files (x86)/gnu tools arm embedded/9 2019-q4-major/bin/../lib/gcc/arm-none-eabi/9.2.1/../../../../arm-none-eabi/lib/thumb/v7e-m+fp/hard\libc_nano.a(lib_a-isattyr.o)
 .ARM.attributes
                0x00000b7a       0x34 c:/program files (x86)/gnu tools arm embedded/9 2019-q4-major/bin/../lib/gcc/arm-none-eabi/9.2.1/../../../../arm-none-eabi/lib/thumb/v7e-m+fp/hard\libc_nano.a(lib_a-lseekr.o)
 .ARM.attributes
                0x00000bae       0x1c c:/program files (x86)/gnu tools arm embedded/9 2019-q4-major/bin/../lib/gcc/arm-none-eabi/9.2.1/../../../../arm-none-eabi/lib/thumb/v7e-m+fp/hard\libc_nano.a(lib_a-memchr.o)
 .ARM.attributes
                0x00000bca       0x34 c:/program files (x86)/gnu tools arm embedded/9 2019-q4-major/bin/../lib/gcc/arm-none-eabi/9.2.1/../../../../arm-none-eabi/lib/thumb/v7e-m+fp/hard\libc_nano.a(lib_a-readr.o)
 .ARM.attributes
                0x00000bfe       0x34 c:/program files (x86)/gnu tools arm embedded/9 2019-q4-major/bin/../lib/gcc/arm-none-eabi/9.2.1/../../../../arm-none-eabi/lib/thumb/v7e-m+fp/hard\libnosys.a(close.o)
 .ARM.attributes
                0x00000c32       0x34 c:/program files (x86)/gnu tools arm embedded/9 2019-q4-major/bin/../lib/gcc/arm-none-eabi/9.2.1/../../../../arm-none-eabi/lib/thumb/v7e-m+fp/hard\libnosys.a(fstat.o)
 .ARM.attributes
                0x00000c66       0x34 c:/program files (x86)/gnu tools arm embedded/9 2019-q4-major/bin/../lib/gcc/arm-none-eabi/9.2.1/../../../../arm-none-eabi/lib/thumb/v7e-m+fp/hard\libnosys.a(isatty.o)
 .ARM.attributes
                0x00000c9a       0x34 c:/program files (x86)/gnu tools arm embedded/9 2019-q4-major/bin/../lib/gcc/arm-none-eabi/9.2.1/../../../../arm-none-eabi/lib/thumb/v7e-m+fp/hard\libnosys.a(lseek.o)
 .ARM.attributes
                0x00000cce       0x34 c:/program files (x86)/gnu tools arm embedded/9 2019-q4-major/bin/../lib/gcc/arm-none-eabi/9.2.1/../../../../arm-none-eabi/lib/thumb/v7e-m+fp/hard\libnosys.a(read.o)
 .ARM.attributes
                0x00000d02       0x34 c:/program files (x86)/gnu tools arm embedded/9 2019-q4-major/bin/../lib/gcc/arm-none-eabi/9.2.1/../../../../arm-none-eabi/lib/thumb/v7e-m+fp/hard\libnosys.a(sbrk.o)
 .ARM.attributes
                0x00000d36       0x1e c:/program files (x86)/gnu tools arm embedded/9 2019-q4-major/bin/../lib/gcc/arm-none-eabi/9.2.1/thumb/v7e-m+fp/hard\libgcc.a(_aeabi_uldivmod.o)
 .ARM.attributes
                0x00000d54       0x34 c:/program files (x86)/gnu tools arm embedded/9 2019-q4-major/bin/../lib/gcc/arm-none-eabi/9.2.1/thumb/v7e-m+fp/hard\libgcc.a(_udivmoddi4.o)
 .ARM.attributes
                0x00000d88       0x1e c:/program files (x86)/gnu tools arm embedded/9 2019-q4-major/bin/../lib/gcc/arm-none-eabi/9.2.1/thumb/v7e-m+fp/hard\libgcc.a(_dvmd_tls.o)
 .ARM.attributes
                0x00000da6       0x1e c:/program files (x86)/gnu tools arm embedded/9 2019-q4-major/bin/../lib/gcc/arm-none-eabi/9.2.1/thumb/v7e-m+fp/hard/crtn.o
OUTPUT(build/Bench_kyber.elf elf32-littlearm)

.debug_info     0x00000000    0x1a56e
 .debug_info    0x00000000     0x1eb2 build/main.o
 .debug_info    0x00001eb2      0x5bb build/gpio.o
 .debug_info    0x0000246d      0xe9b build/tim.o
 .debug_info    0x00003308      0xf2a build/usart.o
 .debug_info    0x00004232      0xbc9 build/stm32f4xx_it.o
 .debug_info    0x00004dfb      0x3e5 build/stm32f4xx_hal_msp.o
 .debug_info    0x000051e0      0x188 build/ntt.o
 .debug_info    0x00005368       0xf9 build/precomp.o
 .debug_info    0x00005461      0xf5a build/kem.o
 .debug_info    0x000063bb      0x1d2 build/randombytes.o
 .debug_info    0x0000658d     0x18ac build/indcpa.o
 .debug_info    0x00007e39      0xf03 build/polyvec.o
 .debug_info    0x00008d3c      0xfc0 build/poly.o
 .debug_info    0x00009cfc      0x22c build/cbd.o
 .debug_info    0x00009f28      0xffd build/fips202.o
 .debug_info    0x0000af25      0x1cb build/reduce.o
 .debug_info    0x0000b0f0      0xafa build/verify.o
 .debug_info    0x0000bbea     0x4151 build/stm32f4xx_hal_tim.o
 .debug_info    0x0000fd3b     0x1d63 build/stm32f4xx_hal_tim_ex.o
 .debug_info    0x00011a9e      0xc44 build/stm32f4xx_hal_rcc.o
 .debug_info    0x000126e2      0x92a build/stm32f4xx_hal_gpio.o
 .debug_info    0x0001300c      0xc8b build/stm32f4xx_hal_dma.o
 .debug_info    0x00013c97     0x123e build/stm32f4xx_hal_cortex.o
 .debug_info    0x00014ed5      0xb5e build/stm32f4xx_hal.o
 .debug_info    0x00015a33     0x4491 build/stm32f4xx_hal_uart.o
 .debug_info    0x00019ec4      0x63c build/system_stm32f4xx.o
 .debug_info    0x0001a500       0x26 build/kyber.o
 .debug_info    0x0001a526       0x26 build/KeccakP-1600-inplace-32bi-armv7m-le-gcc.o
 .debug_info    0x0001a54c       0x22 build/startup_stm32f407xx.o

.debug_abbrev   0x00000000     0x373b
 .debug_abbrev  0x00000000      0x369 build/main.o
 .debug_abbrev  0x00000369      0x17e build/gpio.o
 .debug_abbrev  0x000004e7      0x1fc build/tim.o
 .debug_abbrev  0x000006e3      0x1fa build/usart.o
 .debug_abbrev  0x000008dd      0x1aa build/stm32f4xx_it.o
 .debug_abbrev  0x00000a87      0x11c build/stm32f4xx_hal_msp.o
 .debug_abbrev  0x00000ba3       0xf0 build/ntt.o
 .debug_abbrev  0x00000c93       0x61 build/precomp.o
 .debug_abbrev  0x00000cf4      0x240 build/kem.o
 .debug_abbrev  0x00000f34      0x107 build/randombytes.o
 .debug_abbrev  0x0000103b      0x320 build/indcpa.o
 .debug_abbrev  0x0000135b      0x271 build/polyvec.o
 .debug_abbrev  0x000015cc      0x287 build/poly.o
 .debug_abbrev  0x00001853      0x115 build/cbd.o
 .debug_abbrev  0x00001968      0x27e build/fips202.o
 .debug_abbrev  0x00001be6       0xef build/reduce.o
 .debug_abbrev  0x00001cd5      0x1f3 build/verify.o
 .debug_abbrev  0x00001ec8      0x2af build/stm32f4xx_hal_tim.o
 .debug_abbrev  0x00002177      0x2ab build/stm32f4xx_hal_tim_ex.o
 .debug_abbrev  0x00002422      0x2cd build/stm32f4xx_hal_rcc.o
 .debug_abbrev  0x000026ef      0x258 build/stm32f4xx_hal_gpio.o
 .debug_abbrev  0x00002947      0x312 build/stm32f4xx_hal_dma.o
 .debug_abbrev  0x00002c59      0x3a8 build/stm32f4xx_hal_cortex.o
 .debug_abbrev  0x00003001      0x21c build/stm32f4xx_hal.o
 .debug_abbrev  0x0000321d      0x39a build/stm32f4xx_hal_uart.o
 .debug_abbrev  0x000035b7      0x14a build/system_stm32f4xx.o
 .debug_abbrev  0x00003701       0x14 build/kyber.o
 .debug_abbrev  0x00003715       0x14 build/KeccakP-1600-inplace-32bi-armv7m-le-gcc.o
 .debug_abbrev  0x00003729       0x12 build/startup_stm32f407xx.o

.debug_loc      0x00000000    0x11e0e
 .debug_loc     0x00000000      0x240 build/main.o
 .debug_loc     0x00000240       0x38 build/gpio.o
 .debug_loc     0x00000278      0x103 build/tim.o
 .debug_loc     0x0000037b      0x194 build/usart.o
 .debug_loc     0x0000050f       0x60 build/stm32f4xx_it.o
 .debug_loc     0x0000056f       0x2c build/stm32f4xx_hal_msp.o
 .debug_loc     0x0000059b       0x97 build/ntt.o
 .debug_loc     0x00000632      0x323 build/kem.o
 .debug_loc     0x00000955      0x312 build/randombytes.o
 .debug_loc     0x00000c67      0xa6a build/indcpa.o
 .debug_loc     0x000016d1      0x4db build/polyvec.o
 .debug_loc     0x00001bac      0x66e build/poly.o
 .debug_loc     0x0000221a      0x1be build/cbd.o
 .debug_loc     0x000023d8      0x64c build/fips202.o
 .debug_loc     0x00002a24      0x11f build/reduce.o
 .debug_loc     0x00002b43      0x126 build/verify.o
 .debug_loc     0x00002c69     0x5b36 build/stm32f4xx_hal_tim.o
 .debug_loc     0x0000879f     0x2110 build/stm32f4xx_hal_tim_ex.o
 .debug_loc     0x0000a8af      0x6c7 build/stm32f4xx_hal_rcc.o
 .debug_loc     0x0000af76      0x5db build/stm32f4xx_hal_gpio.o
 .debug_loc     0x0000b551      0xd6d build/stm32f4xx_hal_dma.o
 .debug_loc     0x0000c2be      0x7d4 build/stm32f4xx_hal_cortex.o
 .debug_loc     0x0000ca92      0x1e1 build/stm32f4xx_hal.o
 .debug_loc     0x0000cc73     0x502f build/stm32f4xx_hal_uart.o
 .debug_loc     0x00011ca2      0x16c build/system_stm32f4xx.o

.debug_aranges  0x00000000      0xec0
 .debug_aranges
                0x00000000       0x40 build/main.o
 .debug_aranges
                0x00000040       0x20 build/gpio.o
 .debug_aranges
                0x00000060       0x30 build/tim.o
 .debug_aranges
                0x00000090       0x38 build/usart.o
 .debug_aranges
                0x000000c8       0x70 build/stm32f4xx_it.o
 .debug_aranges
                0x00000138       0x20 build/stm32f4xx_hal_msp.o
 .debug_aranges
                0x00000158       0x28 build/ntt.o
 .debug_aranges
                0x00000180       0x18 build/precomp.o
 .debug_aranges
                0x00000198       0x30 build/kem.o
 .debug_aranges
                0x000001c8       0x28 build/randombytes.o
 .debug_aranges
                0x000001f0       0x68 build/indcpa.o
 .debug_aranges
                0x00000258       0x58 build/polyvec.o
 .debug_aranges
                0x000002b0       0x70 build/poly.o
 .debug_aranges
                0x00000320       0x28 build/cbd.o
 .debug_aranges
                0x00000348       0x50 build/fips202.o
 .debug_aranges
                0x00000398       0x30 build/reduce.o
 .debug_aranges
                0x000003c8       0x28 build/verify.o
 .debug_aranges
                0x000003f0      0x3d0 build/stm32f4xx_hal_tim.o
 .debug_aranges
                0x000007c0      0x168 build/stm32f4xx_hal_tim_ex.o
 .debug_aranges
                0x00000928       0x88 build/stm32f4xx_hal_rcc.o
 .debug_aranges
                0x000009b0       0x58 build/stm32f4xx_hal_gpio.o
 .debug_aranges
                0x00000a08       0x90 build/stm32f4xx_hal_dma.o
 .debug_aranges
                0x00000a98       0xa8 build/stm32f4xx_hal_cortex.o
 .debug_aranges
                0x00000b40       0xf0 build/stm32f4xx_hal.o
 .debug_aranges
                0x00000c30      0x200 build/stm32f4xx_hal_uart.o
 .debug_aranges
                0x00000e30       0x28 build/system_stm32f4xx.o
 .debug_aranges
                0x00000e58       0x20 build/kyber.o
 .debug_aranges
                0x00000e78       0x20 build/KeccakP-1600-inplace-32bi-armv7m-le-gcc.o
 .debug_aranges
                0x00000e98       0x28 build/startup_stm32f407xx.o

.debug_ranges   0x00000000      0xd60
 .debug_ranges  0x00000000       0x30 build/main.o
 .debug_ranges  0x00000030       0x10 build/gpio.o
 .debug_ranges  0x00000040       0x20 build/tim.o
 .debug_ranges  0x00000060       0x28 build/usart.o
 .debug_ranges  0x00000088       0x60 build/stm32f4xx_it.o
 .debug_ranges  0x000000e8       0x10 build/stm32f4xx_hal_msp.o
 .debug_ranges  0x000000f8       0x18 build/ntt.o
 .debug_ranges  0x00000110       0x20 build/kem.o
 .debug_ranges  0x00000130       0x18 build/randombytes.o
 .debug_ranges  0x00000148       0x58 build/indcpa.o
 .debug_ranges  0x000001a0       0x48 build/polyvec.o
 .debug_ranges  0x000001e8       0x60 build/poly.o
 .debug_ranges  0x00000248       0x18 build/cbd.o
 .debug_ranges  0x00000260       0x40 build/fips202.o
 .debug_ranges  0x000002a0       0x20 build/reduce.o
 .debug_ranges  0x000002c0       0x18 build/verify.o
 .debug_ranges  0x000002d8      0x3c0 build/stm32f4xx_hal_tim.o
 .debug_ranges  0x00000698      0x158 build/stm32f4xx_hal_tim_ex.o
 .debug_ranges  0x000007f0       0x90 build/stm32f4xx_hal_rcc.o
 .debug_ranges  0x00000880       0x48 build/stm32f4xx_hal_gpio.o
 .debug_ranges  0x000008c8       0x80 build/stm32f4xx_hal_dma.o
 .debug_ranges  0x00000948       0xf8 build/stm32f4xx_hal_cortex.o
 .debug_ranges  0x00000a40       0xe0 build/stm32f4xx_hal.o
 .debug_ranges  0x00000b20      0x208 build/stm32f4xx_hal_uart.o
 .debug_ranges  0x00000d28       0x18 build/system_stm32f4xx.o
 .debug_ranges  0x00000d40       0x20 build/startup_stm32f407xx.o

.debug_line     0x00000000    0x129c3
 .debug_line    0x00000000      0x60f build/main.o
 .debug_line    0x0000060f      0x219 build/gpio.o
 .debug_line    0x00000828      0x343 build/tim.o
 .debug_line    0x00000b6b      0x3ea build/usart.o
 .debug_line    0x00000f55      0x350 build/stm32f4xx_it.o
 .debug_line    0x000012a5      0x1df build/stm32f4xx_hal_msp.o
 .debug_line    0x00001484      0x13c build/ntt.o
 .debug_line    0x000015c0      0x108 build/precomp.o
 .debug_line    0x000016c8      0x402 build/kem.o
 .debug_line    0x00001aca      0x3b8 build/randombytes.o
 .debug_line    0x00001e82      0x7ab build/indcpa.o
 .debug_line    0x0000262d      0x948 build/polyvec.o
 .debug_line    0x00002f75      0xc30 build/poly.o
 .debug_line    0x00003ba5      0x318 build/cbd.o
 .debug_line    0x00003ebd      0x425 build/fips202.o
 .debug_line    0x000042e2      0x1bc build/reduce.o
 .debug_line    0x0000449e      0x27d build/verify.o
 .debug_line    0x0000471b     0x4b13 build/stm32f4xx_hal_tim.o
 .debug_line    0x0000922e     0x1d34 build/stm32f4xx_hal_tim_ex.o
 .debug_line    0x0000af62      0xb48 build/stm32f4xx_hal_rcc.o
 .debug_line    0x0000baaa      0x745 build/stm32f4xx_hal_gpio.o
 .debug_line    0x0000c1ef      0xe67 build/stm32f4xx_hal_dma.o
 .debug_line    0x0000d056      0x7b8 build/stm32f4xx_hal_cortex.o
 .debug_line    0x0000d80e      0x57b build/stm32f4xx_hal.o
 .debug_line    0x0000dd89     0x4614 build/stm32f4xx_hal_uart.o
 .debug_line    0x0001239d      0x29c build/system_stm32f4xx.o
 .debug_line    0x00012639      0x116 build/kyber.o
 .debug_line    0x0001274f      0x1fe build/KeccakP-1600-inplace-32bi-armv7m-le-gcc.o
 .debug_line    0x0001294d       0x76 build/startup_stm32f407xx.o

.debug_str      0x00000000     0x4481
 .debug_str     0x00000000     0x1075 build/main.o
                               0x11a5 (size before relaxing)
 .debug_str     0x00001075       0xa5 build/gpio.o
                                0x449 (size before relaxing)
 .debug_str     0x0000111a      0x670 build/tim.o
                                0xf46 (size before relaxing)
 .debug_str     0x0000178a       0x90 build/usart.o
                                0xe44 (size before relaxing)
 .debug_str     0x0000181a      0x106 build/stm32f4xx_it.o
                                0xa89 (size before relaxing)
 .debug_str     0x00001920       0x29 build/stm32f4xx_hal_msp.o
                                0x398 (size before relaxing)
 .debug_str     0x00001949       0x64 build/ntt.o
                                0x1f5 (size before relaxing)
 .debug_str     0x000019ad       0x13 build/precomp.o
                                0x1cc (size before relaxing)
 .debug_str     0x000019c0       0x6a build/kem.o
                                0x62d (size before relaxing)
 .debug_str     0x00001a2a       0x2e build/randombytes.o
                                0x1c1 (size before relaxing)
 .debug_str     0x00001a58      0x1bb build/indcpa.o
                                0x7d8 (size before relaxing)
 .debug_str     0x00001c13       0x60 build/polyvec.o
                                0x68f (size before relaxing)
 .debug_str     0x00001c73       0x3a build/poly.o
                                0x671 (size before relaxing)
 .debug_str     0x00001cad       0x2c build/cbd.o
                                0x1dd (size before relaxing)
 .debug_str     0x00001cd9       0xc4 build/fips202.o
                                0x682 (size before relaxing)
 .debug_str     0x00001d9d       0x26 build/reduce.o
                                0x1ec (size before relaxing)
 .debug_str     0x00001dc3       0x12 build/verify.o
                                0x594 (size before relaxing)
 .debug_str     0x00001dd5      0xe92 build/stm32f4xx_hal_tim.o
                               0x1796 (size before relaxing)
 .debug_str     0x00002c67      0x521 build/stm32f4xx_hal_tim_ex.o
                                0xf97 (size before relaxing)
 .debug_str     0x00003188      0x1dc build/stm32f4xx_hal_rcc.o
                                0x789 (size before relaxing)
 .debug_str     0x00003364      0x10d build/stm32f4xx_hal_gpio.o
                                0x5ab (size before relaxing)
 .debug_str     0x00003471      0x2de build/stm32f4xx_hal_dma.o
                                0x831 (size before relaxing)
 .debug_str     0x0000374f      0x4cb build/stm32f4xx_hal_cortex.o
                                0xce5 (size before relaxing)
 .debug_str     0x00003c1a      0x229 build/stm32f4xx_hal.o
                                0xba6 (size before relaxing)
 .debug_str     0x00003e43      0x5a1 build/stm32f4xx_hal_uart.o
                                0xe13 (size before relaxing)
 .debug_str     0x000043e4       0x47 build/system_stm32f4xx.o
                                0x414 (size before relaxing)
 .debug_str     0x0000442b       0x16 build/kyber.o
                                 0x39 (size before relaxing)
 .debug_str     0x00004441       0x2a build/KeccakP-1600-inplace-32bi-armv7m-le-gcc.o
                                 0x5b (size before relaxing)
 .debug_str     0x0000446b       0x16 build/startup_stm32f407xx.o
                                 0x47 (size before relaxing)

.comment        0x00000000       0x79
 .comment       0x00000000       0x79 build/main.o
                                 0x7a (size before relaxing)
 .comment       0x00000079       0x7a build/gpio.o
 .comment       0x00000079       0x7a build/tim.o
 .comment       0x00000079       0x7a build/usart.o
 .comment       0x00000079       0x7a build/stm32f4xx_it.o
 .comment       0x00000079       0x7a build/stm32f4xx_hal_msp.o
 .comment       0x00000079       0x7a build/ntt.o
 .comment       0x00000079       0x7a build/precomp.o
 .comment       0x00000079       0x7a build/kem.o
 .comment       0x00000079       0x7a build/randombytes.o
 .comment       0x00000079       0x7a build/indcpa.o
 .comment       0x00000079       0x7a build/polyvec.o
 .comment       0x00000079       0x7a build/poly.o
 .comment       0x00000079       0x7a build/cbd.o
 .comment       0x00000079       0x7a build/fips202.o
 .comment       0x00000079       0x7a build/reduce.o
 .comment       0x00000079       0x7a build/verify.o
 .comment       0x00000079       0x7a build/stm32f4xx_hal_tim.o
 .comment       0x00000079       0x7a build/stm32f4xx_hal_tim_ex.o
 .comment       0x00000079       0x7a build/stm32f4xx_hal_rcc.o
 .comment       0x00000079       0x7a build/stm32f4xx_hal_gpio.o
 .comment       0x00000079       0x7a build/stm32f4xx_hal_dma.o
 .comment       0x00000079       0x7a build/stm32f4xx_hal_cortex.o
 .comment       0x00000079       0x7a build/stm32f4xx_hal.o
 .comment       0x00000079       0x7a build/stm32f4xx_hal_uart.o
 .comment       0x00000079       0x7a build/system_stm32f4xx.o

.debug_frame    0x00000000     0x342c
 .debug_frame   0x00000000       0xb0 build/main.o
 .debug_frame   0x000000b0       0x34 build/gpio.o
 .debug_frame   0x000000e4       0x68 build/tim.o
 .debug_frame   0x0000014c       0x88 build/usart.o
 .debug_frame   0x000001d4       0xe4 build/stm32f4xx_it.o
 .debug_frame   0x000002b8       0x28 build/stm32f4xx_hal_msp.o
 .debug_frame   0x000002e0       0x48 build/ntt.o
 .debug_frame   0x00000328       0x8c build/kem.o
 .debug_frame   0x000003b4       0x5c build/randombytes.o
 .debug_frame   0x00000410      0x194 build/indcpa.o
 .debug_frame   0x000005a4      0x148 build/polyvec.o
 .debug_frame   0x000006ec      0x188 build/poly.o
 .debug_frame   0x00000874       0x70 build/cbd.o
 .debug_frame   0x000008e4      0x120 build/fips202.o
 .debug_frame   0x00000a04       0x4c build/reduce.o
 .debug_frame   0x00000a50       0x60 build/verify.o
 .debug_frame   0x00000ab0      0xc70 build/stm32f4xx_hal_tim.o
 .debug_frame   0x00001720      0x4a8 build/stm32f4xx_hal_tim_ex.o
 .debug_frame   0x00001bc8      0x1ac build/stm32f4xx_hal_rcc.o
 .debug_frame   0x00001d74       0xec build/stm32f4xx_hal_gpio.o
 .debug_frame   0x00001e60      0x1b8 build/stm32f4xx_hal_dma.o
 .debug_frame   0x00002018      0x16c build/stm32f4xx_hal_cortex.o
 .debug_frame   0x00002184      0x200 build/stm32f4xx_hal.o
 .debug_frame   0x00002384      0x674 build/stm32f4xx_hal_uart.o
 .debug_frame   0x000029f8       0x30 build/system_stm32f4xx.o
 .debug_frame   0x00002a28       0x2c c:/program files (x86)/gnu tools arm embedded/9 2019-q4-major/bin/../lib/gcc/arm-none-eabi/9.2.1/../../../../arm-none-eabi/lib/thumb/v7e-m+fp/hard\libc_nano.a(lib_a-init.o)
 .debug_frame   0x00002a54       0x30 c:/program files (x86)/gnu tools arm embedded/9 2019-q4-major/bin/../lib/gcc/arm-none-eabi/9.2.1/../../../../arm-none-eabi/lib/thumb/v7e-m+fp/hard\libc_nano.a(lib_a-malloc.o)
 .debug_frame   0x00002a84       0x20 c:/program files (x86)/gnu tools arm embedded/9 2019-q4-major/bin/../lib/gcc/arm-none-eabi/9.2.1/../../../../arm-none-eabi/lib/thumb/v7e-m+fp/hard\libc_nano.a(lib_a-memset.o)
 .debug_frame   0x00002aa4       0x38 c:/program files (x86)/gnu tools arm embedded/9 2019-q4-major/bin/../lib/gcc/arm-none-eabi/9.2.1/../../../../arm-none-eabi/lib/thumb/v7e-m+fp/hard\libc_nano.a(lib_a-nano-freer.o)
 .debug_frame   0x00002adc       0x30 c:/program files (x86)/gnu tools arm embedded/9 2019-q4-major/bin/../lib/gcc/arm-none-eabi/9.2.1/../../../../arm-none-eabi/lib/thumb/v7e-m+fp/hard\libc_nano.a(lib_a-nano-mallocr.o)
 .debug_frame   0x00002b0c       0x74 c:/program files (x86)/gnu tools arm embedded/9 2019-q4-major/bin/../lib/gcc/arm-none-eabi/9.2.1/../../../../arm-none-eabi/lib/thumb/v7e-m+fp/hard\libc_nano.a(lib_a-printf.o)
 .debug_frame   0x00002b80       0x50 c:/program files (x86)/gnu tools arm embedded/9 2019-q4-major/bin/../lib/gcc/arm-none-eabi/9.2.1/../../../../arm-none-eabi/lib/thumb/v7e-m+fp/hard\libc_nano.a(lib_a-putchar.o)
 .debug_frame   0x00002bd0       0x3c c:/program files (x86)/gnu tools arm embedded/9 2019-q4-major/bin/../lib/gcc/arm-none-eabi/9.2.1/../../../../arm-none-eabi/lib/thumb/v7e-m+fp/hard\libc_nano.a(lib_a-puts.o)
 .debug_frame   0x00002c0c       0x2c c:/program files (x86)/gnu tools arm embedded/9 2019-q4-major/bin/../lib/gcc/arm-none-eabi/9.2.1/../../../../arm-none-eabi/lib/thumb/v7e-m+fp/hard\libc_nano.a(lib_a-sbrkr.o)
 .debug_frame   0x00002c38       0x40 c:/program files (x86)/gnu tools arm embedded/9 2019-q4-major/bin/../lib/gcc/arm-none-eabi/9.2.1/../../../../arm-none-eabi/lib/thumb/v7e-m+fp/hard\libc_nano.a(lib_a-wbuf.o)
 .debug_frame   0x00002c78       0x2c c:/program files (x86)/gnu tools arm embedded/9 2019-q4-major/bin/../lib/gcc/arm-none-eabi/9.2.1/../../../../arm-none-eabi/lib/thumb/v7e-m+fp/hard\libc_nano.a(lib_a-wsetup.o)
 .debug_frame   0x00002ca4       0x5c c:/program files (x86)/gnu tools arm embedded/9 2019-q4-major/bin/../lib/gcc/arm-none-eabi/9.2.1/../../../../arm-none-eabi/lib/thumb/v7e-m+fp/hard\libc_nano.a(lib_a-fflush.o)
 .debug_frame   0x00002d00      0x14c c:/program files (x86)/gnu tools arm embedded/9 2019-q4-major/bin/../lib/gcc/arm-none-eabi/9.2.1/../../../../arm-none-eabi/lib/thumb/v7e-m+fp/hard\libc_nano.a(lib_a-findfp.o)
 .debug_frame   0x00002e4c       0x54 c:/program files (x86)/gnu tools arm embedded/9 2019-q4-major/bin/../lib/gcc/arm-none-eabi/9.2.1/../../../../arm-none-eabi/lib/thumb/v7e-m+fp/hard\libc_nano.a(lib_a-fwalk.o)
 .debug_frame   0x00002ea0       0xb0 c:/program files (x86)/gnu tools arm embedded/9 2019-q4-major/bin/../lib/gcc/arm-none-eabi/9.2.1/../../../../arm-none-eabi/lib/thumb/v7e-m+fp/hard\libc_nano.a(lib_a-lock.o)
 .debug_frame   0x00002f50       0x58 c:/program files (x86)/gnu tools arm embedded/9 2019-q4-major/bin/../lib/gcc/arm-none-eabi/9.2.1/../../../../arm-none-eabi/lib/thumb/v7e-m+fp/hard\libc_nano.a(lib_a-makebuf.o)
 .debug_frame   0x00002fa8       0x30 c:/program files (x86)/gnu tools arm embedded/9 2019-q4-major/bin/../lib/gcc/arm-none-eabi/9.2.1/../../../../arm-none-eabi/lib/thumb/v7e-m+fp/hard\libc_nano.a(lib_a-mlock.o)
 .debug_frame   0x00002fd8       0xac c:/program files (x86)/gnu tools arm embedded/9 2019-q4-major/bin/../lib/gcc/arm-none-eabi/9.2.1/../../../../arm-none-eabi/lib/thumb/v7e-m+fp/hard\libc_nano.a(lib_a-nano-vfprintf.o)
 .debug_frame   0x00003084       0x60 c:/program files (x86)/gnu tools arm embedded/9 2019-q4-major/bin/../lib/gcc/arm-none-eabi/9.2.1/../../../../arm-none-eabi/lib/thumb/v7e-m+fp/hard\libc_nano.a(lib_a-nano-vfprintf_i.o)
 .debug_frame   0x000030e4       0x3c c:/program files (x86)/gnu tools arm embedded/9 2019-q4-major/bin/../lib/gcc/arm-none-eabi/9.2.1/../../../../arm-none-eabi/lib/thumb/v7e-m+fp/hard\libc_nano.a(lib_a-putc.o)
 .debug_frame   0x00003120       0x5c c:/program files (x86)/gnu tools arm embedded/9 2019-q4-major/bin/../lib/gcc/arm-none-eabi/9.2.1/../../../../arm-none-eabi/lib/thumb/v7e-m+fp/hard\libc_nano.a(lib_a-reent.o)
 .debug_frame   0x0000317c       0x88 c:/program files (x86)/gnu tools arm embedded/9 2019-q4-major/bin/../lib/gcc/arm-none-eabi/9.2.1/../../../../arm-none-eabi/lib/thumb/v7e-m+fp/hard\libc_nano.a(lib_a-stdio.o)
 .debug_frame   0x00003204       0x2c c:/program files (x86)/gnu tools arm embedded/9 2019-q4-major/bin/../lib/gcc/arm-none-eabi/9.2.1/../../../../arm-none-eabi/lib/thumb/v7e-m+fp/hard\libc_nano.a(lib_a-writer.o)
 .debug_frame   0x00003230       0x2c c:/program files (x86)/gnu tools arm embedded/9 2019-q4-major/bin/../lib/gcc/arm-none-eabi/9.2.1/../../../../arm-none-eabi/lib/thumb/v7e-m+fp/hard\libc_nano.a(lib_a-closer.o)
 .debug_frame   0x0000325c       0x2c c:/program files (x86)/gnu tools arm embedded/9 2019-q4-major/bin/../lib/gcc/arm-none-eabi/9.2.1/../../../../arm-none-eabi/lib/thumb/v7e-m+fp/hard\libc_nano.a(lib_a-fstatr.o)
 .debug_frame   0x00003288       0x2c c:/program files (x86)/gnu tools arm embedded/9 2019-q4-major/bin/../lib/gcc/arm-none-eabi/9.2.1/../../../../arm-none-eabi/lib/thumb/v7e-m+fp/hard\libc_nano.a(lib_a-isattyr.o)
 .debug_frame   0x000032b4       0x2c c:/program files (x86)/gnu tools arm embedded/9 2019-q4-major/bin/../lib/gcc/arm-none-eabi/9.2.1/../../../../arm-none-eabi/lib/thumb/v7e-m+fp/hard\libc_nano.a(lib_a-lseekr.o)
 .debug_frame   0x000032e0       0x2c c:/program files (x86)/gnu tools arm embedded/9 2019-q4-major/bin/../lib/gcc/arm-none-eabi/9.2.1/../../../../arm-none-eabi/lib/thumb/v7e-m+fp/hard\libc_nano.a(lib_a-readr.o)
 .debug_frame   0x0000330c       0x20 c:/program files (x86)/gnu tools arm embedded/9 2019-q4-major/bin/../lib/gcc/arm-none-eabi/9.2.1/../../../../arm-none-eabi/lib/thumb/v7e-m+fp/hard\libnosys.a(close.o)
 .debug_frame   0x0000332c       0x20 c:/program files (x86)/gnu tools arm embedded/9 2019-q4-major/bin/../lib/gcc/arm-none-eabi/9.2.1/../../../../arm-none-eabi/lib/thumb/v7e-m+fp/hard\libnosys.a(fstat.o)
 .debug_frame   0x0000334c       0x20 c:/program files (x86)/gnu tools arm embedded/9 2019-q4-major/bin/../lib/gcc/arm-none-eabi/9.2.1/../../../../arm-none-eabi/lib/thumb/v7e-m+fp/hard\libnosys.a(isatty.o)
 .debug_frame   0x0000336c       0x20 c:/program files (x86)/gnu tools arm embedded/9 2019-q4-major/bin/../lib/gcc/arm-none-eabi/9.2.1/../../../../arm-none-eabi/lib/thumb/v7e-m+fp/hard\libnosys.a(lseek.o)
 .debug_frame   0x0000338c       0x20 c:/program files (x86)/gnu tools arm embedded/9 2019-q4-major/bin/../lib/gcc/arm-none-eabi/9.2.1/../../../../arm-none-eabi/lib/thumb/v7e-m+fp/hard\libnosys.a(read.o)
 .debug_frame   0x000033ac       0x20 c:/program files (x86)/gnu tools arm embedded/9 2019-q4-major/bin/../lib/gcc/arm-none-eabi/9.2.1/../../../../arm-none-eabi/lib/thumb/v7e-m+fp/hard\libnosys.a(sbrk.o)
 .debug_frame   0x000033cc       0x2c c:/program files (x86)/gnu tools arm embedded/9 2019-q4-major/bin/../lib/gcc/arm-none-eabi/9.2.1/thumb/v7e-m+fp/hard\libgcc.a(_aeabi_uldivmod.o)
 .debug_frame   0x000033f8       0x34 c:/program files (x86)/gnu tools arm embedded/9 2019-q4-major/bin/../lib/gcc/arm-none-eabi/9.2.1/thumb/v7e-m+fp/hard\libgcc.a(_udivmoddi4.o)

.stab           0x00000000       0x84
 .stab          0x00000000       0x24 c:/program files (x86)/gnu tools arm embedded/9 2019-q4-major/bin/../lib/gcc/arm-none-eabi/9.2.1/../../../../arm-none-eabi/lib/thumb/v7e-m+fp/hard\libnosys.a(close.o)
 .stab          0x00000024       0x18 c:/program files (x86)/gnu tools arm embedded/9 2019-q4-major/bin/../lib/gcc/arm-none-eabi/9.2.1/../../../../arm-none-eabi/lib/thumb/v7e-m+fp/hard\libnosys.a(fstat.o)
                                 0x24 (size before relaxing)
 .stab          0x0000003c       0x18 c:/program files (x86)/gnu tools arm embedded/9 2019-q4-major/bin/../lib/gcc/arm-none-eabi/9.2.1/../../../../arm-none-eabi/lib/thumb/v7e-m+fp/hard\libnosys.a(isatty.o)
                                 0x24 (size before relaxing)
 .stab          0x00000054       0x18 c:/program files (x86)/gnu tools arm embedded/9 2019-q4-major/bin/../lib/gcc/arm-none-eabi/9.2.1/../../../../arm-none-eabi/lib/thumb/v7e-m+fp/hard\libnosys.a(lseek.o)
                                 0x24 (size before relaxing)
 .stab          0x0000006c       0x18 c:/program files (x86)/gnu tools arm embedded/9 2019-q4-major/bin/../lib/gcc/arm-none-eabi/9.2.1/../../../../arm-none-eabi/lib/thumb/v7e-m+fp/hard\libnosys.a(read.o)
                                 0x24 (size before relaxing)

.stabstr        0x00000000      0x117
 .stabstr       0x00000000      0x117 c:/program files (x86)/gnu tools arm embedded/9 2019-q4-major/bin/../lib/gcc/arm-none-eabi/9.2.1/../../../../arm-none-eabi/lib/thumb/v7e-m+fp/hard\libnosys.a(close.o)

Cross Reference Table

Symbol                                            File
ADC_IRQHandler                                    build/startup_stm32f407xx.o
AHBPrescTable                                     build/system_stm32f4xx.o
                                                  build/stm32f4xx_hal_rcc.o
APBPrescTable                                     build/system_stm32f4xx.o
                                                  build/stm32f4xx_hal_rcc.o
BusFault_Handler                                  build/stm32f4xx_it.o
CAN1_RX0_IRQHandler                               build/startup_stm32f407xx.o
CAN1_RX1_IRQHandler                               build/startup_stm32f407xx.o
CAN1_SCE_IRQHandler                               build/startup_stm32f407xx.o
CAN1_TX_IRQHandler                                build/startup_stm32f407xx.o
CAN2_RX0_IRQHandler                               build/startup_stm32f407xx.o
CAN2_RX1_IRQHandler                               build/startup_stm32f407xx.o
CAN2_SCE_IRQHandler                               build/startup_stm32f407xx.o
CAN2_TX_IRQHandler                                build/startup_stm32f407xx.o
DCMI_IRQHandler                                   build/startup_stm32f407xx.o
DMA1_Stream0_IRQHandler                           build/startup_stm32f407xx.o
DMA1_Stream1_IRQHandler                           build/startup_stm32f407xx.o
DMA1_Stream2_IRQHandler                           build/startup_stm32f407xx.o
DMA1_Stream3_IRQHandler                           build/startup_stm32f407xx.o
DMA1_Stream4_IRQHandler                           build/startup_stm32f407xx.o
DMA1_Stream5_IRQHandler                           build/startup_stm32f407xx.o
DMA1_Stream6_IRQHandler                           build/startup_stm32f407xx.o
DMA1_Stream7_IRQHandler                           build/startup_stm32f407xx.o
DMA2_Stream0_IRQHandler                           build/startup_stm32f407xx.o
DMA2_Stream1_IRQHandler                           build/startup_stm32f407xx.o
DMA2_Stream2_IRQHandler                           build/startup_stm32f407xx.o
DMA2_Stream3_IRQHandler                           build/startup_stm32f407xx.o
DMA2_Stream4_IRQHandler                           build/startup_stm32f407xx.o
DMA2_Stream5_IRQHandler                           build/startup_stm32f407xx.o
DMA2_Stream6_IRQHandler                           build/startup_stm32f407xx.o
DMA2_Stream7_IRQHandler                           build/startup_stm32f407xx.o
DebugMon_Handler                                  build/stm32f4xx_it.o
Default_Handler                                   build/startup_stm32f407xx.o
ETH_IRQHandler                                    build/startup_stm32f407xx.o
ETH_WKUP_IRQHandler                               build/startup_stm32f407xx.o
EXTI0_IRQHandler                                  build/startup_stm32f407xx.o
EXTI15_10_IRQHandler                              build/startup_stm32f407xx.o
EXTI1_IRQHandler                                  build/startup_stm32f407xx.o
EXTI2_IRQHandler                                  build/startup_stm32f407xx.o
EXTI3_IRQHandler                                  build/startup_stm32f407xx.o
EXTI4_IRQHandler                                  build/startup_stm32f407xx.o
EXTI9_5_IRQHandler                                build/startup_stm32f407xx.o
Error_Handler                                     build/main.o
                                                  build/usart.o
                                                  build/tim.o